Mplus VERSION 8.10 (Mac)
MUTHEN & MUTHEN
11/04/2024  11:51 AM

INPUT INSTRUCTIONS

  TITLE:
      multilevel mediated moderation; w and m at Level 2, x and y at Level 1

  DATA:
      FILE IS 12.7 Example.csv;

  VARIABLE:
      NAMES ARE m y x w group;
      USEVARIABLES ARE x m w y group;
      CLUSTER=group;
      WITHIN=;
      BETWEEN=w m;

  DEFINE:
      CENTER w m (grandmean);

  ANALYSIS:
      TYPE=TWOLEVEL RANDOM;

  MODEL:
      %WITHIN%
      S|y on x;

      %BETWEEN%
      m on w (a);!effect of w on m
      S on m (b) !cross-level moderation effect on m and w
           w;
      y on m w;!controls for main effect of m and w on y

      y with S;!covariance between intercept and slope

      x with m w y;!let group-mean of x covary with other Level-2 variables

      [s] (c); !main effect of X on Y
      m (v);

  model constraint:
      NEW(ind,Hs,Ls);
      ind=a*b; !point estimate for the indirect effect; obtain CI in R
      Hs=c+b*sqrt(v);
      Ls=c-b*sqrt(v);

  OUTPUT:
      tech1 tech3;



*** WARNING in MODEL command
  In the MODEL command, the following variable is a y-variable on the BETWEEN
  level and an x-variable on the WITHIN level.  This variable will be treated
  as a y-variable on both levels:  X
*** WARNING in MODEL command
  In the MODEL command, the predictor variable on the WITHIN level refers to the whole observed
  variable.  To use the latent within-level part, use ESTIMATOR=BAYES in the ANALYSIS command.
  This applies to the following statement(s):
    S | Y ON X
   2 WARNING(S) FOUND IN THE INPUT INSTRUCTIONS




multilevel mediated moderation; w and m at Level 2, x and y at Level 1

SUMMARY OF ANALYSIS

Number of groups                                                 1
Number of observations                                        1000

Number of dependent variables                                    3
Number of independent variables                                  1
Number of continuous latent variables                            1

Observed dependent variables

  Continuous
   M           X           Y

Observed independent variables
   W

Continuous latent variables
   S

Variables with special functions

  Cluster variable      GROUP

  Between variables
   M           W

  Centering (GRANDMEAN)
   W           M


Estimator                                                      MLR
Information matrix                                        OBSERVED
Maximum number of iterations                                   100
Convergence criterion                                    0.100D-05
Maximum number of EM iterations                                500
Convergence criteria for the EM algorithm
  Loglikelihood change                                   0.100D-02
  Relative loglikelihood change                          0.100D-05
  Derivative                                             0.100D-03
Minimum variance                                         0.100D-03
Maximum number of steepest descent iterations                   20
Maximum number of iterations for H1                           2000
Convergence criterion for H1                             0.100D-03
Optimization algorithm                                         EMA

Input data file(s)
  12.7 Example.csv
Input data format  FREE


SUMMARY OF DATA

     Number of clusters                         50

     Average cluster size       20.000

     Estimated Intraclass Correlations for the Y Variables

                Intraclass              Intraclass              Intraclass
     Variable  Correlation   Variable  Correlation   Variable  Correlation

     X            0.006      Y            0.235




UNIVARIATE SAMPLE STATISTICS


     UNIVARIATE HIGHER-ORDER MOMENT DESCRIPTIVE STATISTICS

         Variable/         Mean/     Skewness/   Minimum/ % with                Percentiles
        Sample Size      Variance    Kurtosis    Maximum  Min/Max      20%/60%    40%/80%    Median

     M                     0.000      -0.159      -1.451    2.00%      -0.476     -0.160      0.027
              50.000       0.454      -0.342       1.407    2.00%       0.220      0.550
     W                     0.000      -0.425      -0.035    2.00%      -0.010     -0.004      0.001
              50.000       0.000       0.166       0.022    2.00%       0.004      0.010
     X                    -0.016      -0.012      -3.247    0.10%      -0.850     -0.265     -0.016
            1000.000       1.020       0.036       3.437    0.10%       0.254      0.789
     Y                     0.731       0.222      -3.570    0.10%      -0.533      0.383      0.734
            1000.000       2.341       0.467       6.721    0.10%       1.071      1.949


THE MODEL ESTIMATION TERMINATED NORMALLY



MODEL FIT INFORMATION

Number of Free Parameters                       21

Loglikelihood

          H0 Value                       -2854.596
          H0 Scaling Correction Factor      0.9428
            for MLR

Information Criteria

          Akaike (AIC)                    5751.192
          Bayesian (BIC)                  5854.255
          Sample-Size Adjusted BIC        5787.558
            (n* = (n + 2) / 24)



MODEL RESULTS

                                                    Two-Tailed
                    Estimate       S.E.  Est./S.E.    P-Value

Within Level

 Variances
    X                  1.013      0.045     22.347      0.000

 Residual Variances
    Y                  0.991      0.048     20.746      0.000

Between Level

 S          ON
    M                  0.409      0.149      2.741      0.006
    W                  3.930      8.705      0.451      0.652

 M          ON
    W                 21.796      8.861      2.460      0.014

 Y          ON
    M                  0.060      0.165      0.363      0.717
    W                  6.612      9.618      0.687      0.492

 Y        WITH
    S                  0.177      0.065      2.747      0.006

 X        WITH
    M                  0.009      0.025      0.371      0.711
    W                 -0.001      0.000     -1.644      0.100
    Y                 -0.022      0.027     -0.835      0.404

 Means
    W                  0.000      0.002      0.000      1.000
    X                 -0.016      0.030     -0.518      0.605

 Intercepts
    M                  0.000      0.089      0.000      1.000
    Y                  0.741      0.113      6.565      0.000
    S                  0.445      0.104      4.265      0.000

 Variances
    W                  0.000      0.000      4.805      0.000
    X                  0.007      0.014      0.529      0.597

 Residual Variances
    M                  0.394      0.078      5.069      0.000
    Y                  0.587      0.142      4.143      0.000
    S                  0.490      0.092      5.340      0.000

New/Additional Parameters
    IND                8.912      5.166      1.725      0.084
    HS                 0.701      0.137      5.115      0.000
    LS                 0.188      0.135      1.399      0.162


QUALITY OF NUMERICAL RESULTS

     Condition Number for the Information Matrix              0.383E-08
       (ratio of smallest to largest eigenvalue)


TECHNICAL 1 OUTPUT


     PARAMETER SPECIFICATION FOR WITHIN


           NU
              X             Y
              ________      ________
                    0             0


           LAMBDA
              X             Y
              ________      ________
 X                  0             0
 Y                  0             0


           THETA
              X             Y
              ________      ________
 X                  0
 Y                  0             0


           ALPHA
              X             Y
              ________      ________
                    0             0


           BETA
              X             Y
              ________      ________
 X                  0             0
 Y                  0             0


           PSI
              X             Y
              ________      ________
 X                  1
 Y                  0             2


     PARAMETER SPECIFICATION FOR BETWEEN


           NU
              M             W             X             Y
              ________      ________      ________      ________
                    0             0             0             0


           LAMBDA
              S             M             W             X             Y
              ________      ________      ________      ________      ________
 M                  0             0             0             0             0
 W                  0             0             0             0             0
 X                  0             0             0             0             0
 Y                  0             0             0             0             0


           THETA
              M             W             X             Y
              ________      ________      ________      ________
 M                  0
 W                  0             0
 X                  0             0             0
 Y                  0             0             0             0


           ALPHA
              S             M             W             X             Y
              ________      ________      ________      ________      ________
                    3             4             5             6             7


           BETA
              S             M             W             X             Y
              ________      ________      ________      ________      ________
 S                  0             8             9             0             0
 M                  0             0            10             0             0
 W                  0             0             0             0             0
 X                  0             0             0             0             0
 Y                  0            11            12             0             0


           PSI
              S             M             W             X             Y
              ________      ________      ________      ________      ________
 S                 13
 M                  0            14
 W                  0             0            15
 X                  0            16            17            18
 Y                 19             0             0            20            21


     PARAMETER SPECIFICATION FOR THE ADDITIONAL PARAMETERS


           NEW/ADDITIONAL PARAMETERS
              IND           HS            LS
              ________      ________      ________
                   22            23            24


     STARTING VALUES FOR WITHIN


           NU
              X             Y
              ________      ________
                0.000         0.000


           LAMBDA
              X             Y
              ________      ________
 X              1.000         0.000
 Y              0.000         1.000


           THETA
              X             Y
              ________      ________
 X              0.000
 Y              0.000         0.000


           ALPHA
              X             Y
              ________      ________
                0.000         0.000


           BETA
              X             Y
              ________      ________
 X              0.000         0.000
 Y              0.000         0.000


           PSI
              X             Y
              ________      ________
 X              0.510
 Y              0.000         1.170


     STARTING VALUES FOR BETWEEN


           NU
              M             W             X             Y
              ________      ________      ________      ________
                0.000         0.000         0.000         0.000


           LAMBDA
              S             M             W             X             Y
              ________      ________      ________      ________      ________
 M              0.000         1.000         0.000         0.000         0.000
 W              0.000         0.000         1.000         0.000         0.000
 X              0.000         0.000         0.000         1.000         0.000
 Y              0.000         0.000         0.000         0.000         1.000


           THETA
              M             W             X             Y
              ________      ________      ________      ________
 M              0.000
 W              0.000         0.000
 X              0.000         0.000         0.000
 Y              0.000         0.000         0.000         0.000


           ALPHA
              S             M             W             X             Y
              ________      ________      ________      ________      ________
                0.000         0.000         0.000        -0.016         0.731


           BETA
              S             M             W             X             Y
              ________      ________      ________      ________      ________
 S              0.000         0.000         0.000         0.000         0.000
 M              0.000         0.000         0.000         0.000         0.000
 W              0.000         0.000         0.000         0.000         0.000
 X              0.000         0.000         0.000         0.000         0.000
 Y              0.000         0.000         0.000         0.000         0.000


           PSI
              S             M             W             X             Y
              ________      ________      ________      ________      ________
 S              1.000
 M              0.000         0.227
 W              0.000         0.000         0.000
 X              0.000         0.000         0.000         0.510
 Y              0.000         0.000         0.000         0.000         1.170


     STARTING VALUES FOR THE ADDITIONAL PARAMETERS


           NEW/ADDITIONAL PARAMETERS
              IND           HS            LS
              ________      ________      ________
                0.500         0.500         0.500


TECHNICAL 3 OUTPUT


           ESTIMATED COVARIANCE MATRIX FOR PARAMETER ESTIMATES
                     1             2             3             4             5
              ________      ________      ________      ________      ________
        1   0.205624D-02
        2  -0.776942D-04  0.228019D-02
        3   0.135164D-03 -0.107386D-02  0.108849D-01
        4  -0.293738D-03  0.148172D-03  0.361195D-04  0.787182D-02
        5   0.662135D-05 -0.833747D-05 -0.656257D-06 -0.791181D-10  0.255981D-05
        6  -0.442341D-03 -0.131237D-03  0.831232D-04  0.185557D-03 -0.153186D-04
        7  -0.156898D-03 -0.686730D-03  0.351639D-02 -0.234209D-04  0.283489D-06
        8   0.880458D-03 -0.177427D-03 -0.315598D-03  0.284074D-02 -0.557973D-04
        9   0.846554D-02  0.150314D+00 -0.946576D-01 -0.232985D+00  0.939028D-03
       10  -0.408078D-01  0.767914D-01 -0.170455D+00  0.262461D+00 -0.230556D-02
       11   0.177958D-02 -0.101044D-02  0.114675D-02  0.320556D-03  0.529898D-05
       12  -0.516546D-02  0.252203D-01  0.220889D-01  0.105232D-01 -0.141973D-02
       13  -0.355447D-03 -0.207850D-03  0.208259D-02 -0.118144D-03 -0.127139D-04
       14   0.177591D-03 -0.355221D-03  0.112764D-02 -0.262241D-02  0.337463D-04
       15   0.134544D-06  0.151683D-06 -0.321876D-07 -0.301287D-06 -0.123042D-07
       16  -0.994496D-04  0.302094D-04 -0.462862D-03  0.142504D-03 -0.400799D-05
       17  -0.316032D-05 -0.122812D-05 -0.280870D-05 -0.196818D-05  0.225702D-06
       18  -0.881055D-04 -0.329673D-04  0.246637D-03  0.568204D-04 -0.582973D-05
       19   0.390162D-04 -0.141770D-03  0.216370D-03  0.293213D-03  0.442533D-05
       20   0.302726D-04 -0.327321D-03  0.345173D-04 -0.270342D-03  0.673455D-05
       21   0.449509D-03 -0.190349D-03 -0.184275D-02  0.268462D-03  0.253476D-05
       22   0.250469D-02  0.275325D-01 -0.765774D-01  0.169237D+00 -0.215892D-02
       23   0.745409D-03 -0.130093D-02  0.110544D-01  0.963710D-03 -0.246644D-04
       24  -0.475082D-03 -0.846790D-03  0.107155D-01 -0.891471D-03  0.233519D-04


           ESTIMATED COVARIANCE MATRIX FOR PARAMETER ESTIMATES
                     6             7             8             9            10
              ________      ________      ________      ________      ________
        6   0.918205D-03
        7  -0.423742D-03  0.127286D-01
        8  -0.558499D-03  0.109237D-02  0.222591D-01
        9  -0.400992D-02  0.216022D-01 -0.543613D+00  0.757841D+02
       10  -0.957800D-02  0.128623D-01  0.167191D+00 -0.228612D+02  0.785251D+02
       11  -0.854708D-03  0.101949D-02  0.688426D-02 -0.144377D+00 -0.257034D+00
       12   0.648503D-01 -0.261864D-02 -0.146466D+00  0.228050D+02  0.906884D+01
       13  -0.635499D-03  0.518985D-03  0.280426D-02 -0.134240D+00 -0.272861D-01
       14  -0.107037D-03  0.156924D-03 -0.445073D-02  0.164457D+00 -0.215008D+00
       15   0.190133D-06 -0.149693D-06 -0.814097D-06  0.142825D-04  0.702061D-04
       16   0.376082D-04 -0.421980D-03  0.771489D-03 -0.457135D-01  0.930712D-01
       17  -0.456619D-05  0.704988D-05 -0.442947D-05  0.654830D-03 -0.768785D-03
       18   0.367285D-04  0.196452D-03  0.182412D-03 -0.943907D-02  0.755548D-02
       19  -0.130943D-03 -0.169606D-02  0.218448D-02 -0.120020D+00 -0.142120D-01
       20   0.106795D-03 -0.302638D-03  0.205246D-03 -0.362292D-01 -0.112536D-01
       21  -0.284913D-03 -0.827762D-04  0.385417D-02 -0.171223D+00 -0.192066D+00
       22  -0.160897D-01  0.290691D-01  0.553533D+00 -0.211967D+02  0.357528D+02
       23  -0.302143D-03  0.425285D-02  0.121986D-01 -0.382109D+00 -0.135632D+00
       24   0.468389D-03  0.277994D-02 -0.128298D-01  0.192794D+00 -0.205278D+00


           ESTIMATED COVARIANCE MATRIX FOR PARAMETER ESTIMATES
                    11            12            13            14            15
              ________      ________      ________      ________      ________
       11   0.272375D-01
       12  -0.105618D+01  0.925152D+02
       13   0.271191D-02 -0.141858D+00  0.843191D-02
       14  -0.383405D-03 -0.919696D-01 -0.793347D-03  0.602916D-02
       15   0.161224D-06  0.196950D-04 -0.366914D-06  0.282749D-06  0.709545D-09
       16  -0.115542D-02  0.374937D-02 -0.421838D-03 -0.451249D-03 -0.840056D-07
       17  -0.806271D-05 -0.869896D-03  0.400428D-05  0.100352D-04 -0.702406D-08
       18  -0.276495D-04 -0.597531D-03  0.254696D-03 -0.649097D-04  0.279476D-07
       19   0.392442D-02 -0.176173D+00  0.215053D-02 -0.155653D-03 -0.910608D-07
       20   0.308388D-03  0.428611D-01 -0.110195D-03 -0.278940D-03 -0.590273D-07
       21  -0.320735D-02  0.355521D+00 -0.207594D-02 -0.813443D-03 -0.672173D-06
       22   0.449519D-01  0.515781D+00  0.499657D-01 -0.184926D+00  0.109626D-04
       23   0.534077D-02 -0.997704D-01  0.358336D-02  0.300193D-03 -0.450783D-06
       24  -0.304727D-02  0.143948D+00  0.581824D-03  0.195509D-02  0.386408D-06


           ESTIMATED COVARIANCE MATRIX FOR PARAMETER ESTIMATES
                    16            17            18            19            20
              ________      ________      ________      ________      ________
       16   0.625634D-03
       17   0.486007D-06  0.217174D-06
       18   0.739673D-05 -0.594918D-06  0.182978D-03
       19  -0.545609D-04 -0.282436D-05 -0.234651D-03  0.417075D-02
       20  -0.131191D-04 -0.100642D-05 -0.100491D-03  0.551578D-04  0.702297D-03
       21   0.131317D-03  0.766163D-05 -0.359792D-03  0.101516D-02  0.130043D-02
       22   0.548722D-01 -0.410900D-03  0.706533D-02  0.418027D-01 -0.127930D-03
       23  -0.125909D-03 -0.231732D-05  0.339923D-03  0.153612D-02  0.723802D-04
       24  -0.799816D-03 -0.330008D-05  0.153351D-03 -0.110338D-02 -0.334570D-05


           ESTIMATED COVARIANCE MATRIX FOR PARAMETER ESTIMATES
                    21            22            23            24
              ________      ________      ________      ________
       21   0.200798D-01
       22   0.547232D-02  0.266842D+02
       23   0.310146D-03  0.210427D+00  0.188053D-01
       24  -0.399565D-02 -0.363582D+00  0.330356D-02  0.181274D-01


           ESTIMATED CORRELATION MATRIX FOR PARAMETER ESTIMATES
                     1             2             3             4             5
              ________      ________      ________      ________      ________
        1       1.000
        2      -0.036         1.000
        3       0.029        -0.216         1.000
        4      -0.073         0.035         0.004         1.000
        5       0.091        -0.109        -0.004         0.000         1.000
        6      -0.322        -0.091         0.026         0.069        -0.316
        7      -0.031        -0.127         0.299        -0.002         0.002
        8       0.130        -0.025        -0.020         0.215        -0.234
        9       0.021         0.362        -0.104        -0.302         0.067
       10      -0.102         0.181        -0.184         0.334        -0.163
       11       0.238        -0.128         0.067         0.022         0.020
       12      -0.012         0.055         0.022         0.012        -0.092
       13      -0.085        -0.047         0.217        -0.015        -0.087
       14       0.050        -0.096         0.139        -0.381         0.272
       15       0.111         0.119        -0.012        -0.127        -0.289
       16      -0.088         0.025        -0.177         0.064        -0.100
       17      -0.150        -0.055        -0.058        -0.048         0.303
       18      -0.144        -0.051         0.175         0.047        -0.269
       19       0.013        -0.046         0.032         0.051         0.043
       20       0.025        -0.259         0.012        -0.115         0.159
       21       0.070        -0.028        -0.125         0.021         0.011
       22       0.011         0.112        -0.142         0.369        -0.261
       23       0.120        -0.199         0.773         0.079        -0.112
       24      -0.078        -0.132         0.763        -0.075         0.108


           ESTIMATED CORRELATION MATRIX FOR PARAMETER ESTIMATES
                     6             7             8             9            10
              ________      ________      ________      ________      ________
        6       1.000
        7      -0.124         1.000
        8      -0.124         0.065         1.000
        9      -0.015         0.022        -0.419         1.000
       10      -0.036         0.013         0.126        -0.296         1.000
       11      -0.171         0.055         0.280        -0.100        -0.176
       12       0.223        -0.002        -0.102         0.272         0.106
       13      -0.228         0.050         0.205        -0.168        -0.034
       14      -0.045         0.018        -0.384         0.243        -0.312
       15       0.236        -0.050        -0.205         0.062         0.297
       16       0.050        -0.150         0.207        -0.210         0.420
       17      -0.323         0.134        -0.064         0.161        -0.186
       18       0.090         0.129         0.090        -0.080         0.063
       19      -0.067        -0.233         0.227        -0.213        -0.025
       20       0.133        -0.101         0.052        -0.157        -0.048
       21      -0.066        -0.005         0.182        -0.139        -0.153
       22      -0.103         0.050         0.718        -0.471         0.781
       23      -0.073         0.275         0.596        -0.320        -0.112
       24       0.115         0.183        -0.639         0.164        -0.172


           ESTIMATED CORRELATION MATRIX FOR PARAMETER ESTIMATES
                    11            12            13            14            15
              ________      ________      ________      ________      ________
       11       1.000
       12      -0.665         1.000
       13       0.179        -0.161         1.000
       14      -0.030        -0.123        -0.111         1.000
       15       0.037         0.077        -0.150         0.137         1.000
       16      -0.280         0.016        -0.184        -0.232        -0.126
       17      -0.105        -0.194         0.094         0.277        -0.566
       18      -0.012        -0.005         0.205        -0.062         0.078
       19       0.368        -0.284         0.363        -0.031        -0.053
       20       0.071         0.168        -0.045        -0.136        -0.084
       21      -0.137         0.261        -0.160        -0.074        -0.178
       22       0.053         0.010         0.105        -0.461         0.080
       23       0.236        -0.076         0.285         0.028        -0.123
       24      -0.137         0.111         0.047         0.187         0.108


           ESTIMATED CORRELATION MATRIX FOR PARAMETER ESTIMATES
                    16            17            18            19            20
              ________      ________      ________      ________      ________
       16       1.000
       17       0.042         1.000
       18       0.022        -0.094         1.000
       19      -0.034        -0.094        -0.269         1.000
       20      -0.020        -0.081        -0.280         0.032         1.000
       21       0.037         0.116        -0.188         0.111         0.346
       22       0.425        -0.171         0.101         0.125        -0.001
       23      -0.037        -0.036         0.183         0.173         0.020
       24      -0.237        -0.053         0.084        -0.127        -0.001


           ESTIMATED CORRELATION MATRIX FOR PARAMETER ESTIMATES
                    21            22            23            24
              ________      ________      ________      ________
       21       1.000
       22       0.007         1.000
       23       0.016         0.297         1.000
       24      -0.209        -0.523         0.179         1.000


     Beginning Time:  11:51:30
        Ending Time:  11:51:30
       Elapsed Time:  00:00:00



MUTHEN & MUTHEN
3463 Stoner Ave.
Los Angeles, CA  90066

Tel: (310) 391-9971
Fax: (310) 391-8971
Web: www.StatModel.com
Support: Support@StatModel.com

Copyright (c) 1998-2023 Muthen & Muthen
