Mplus VERSION 8.10 (Mac)
MUTHEN & MUTHEN
11/04/2024  11:46 AM

INPUT INSTRUCTIONS

  TITLE: Multilevel mediated moderation_all Level 1 variables

  DATA:	FILE = 12.6 example.csv;

  VARIABLE:	
      NAMES = group x w m y xm wm mm cx cw cm cxw cxm;
      USEVARIABLE = x m w y cxw cxm;
      WITHIN =  cxw cxm;
      BETWEEN = ;
      CLUSTER = group;
  	
  ANALYSIS:	
       TYPE = TWOLEVEL;

  MODEL:
  	%WITHIN%	
  	y ON  x   (a1)
  		m
  		w
  		cxm (a3)
  		cxw
  		;
  		
  	m ON w (b);
  		
  	m (v); !Obtain the variance of W
  	
  	%BETWEEN%
      	x m w y WITH x m w y;
       	
  model constraint:
  	NEW(ind,Hs,Ls);
  	ind=b*a3; !point estimate for the indirect effect; obtain CI in R
  	Hs=a1+a3*sqrt(v);
  	Ls=a1-a3*sqrt(v);
  	
  OUTPUT:
  	tech1 tech3;



*** WARNING in MODEL command
  In the MODEL command, the following variable is a y-variable on the BETWEEN
  level and an x-variable on the WITHIN level.  This variable will be treated
  as a y-variable on both levels:  X
*** WARNING in MODEL command
  In the MODEL command, the following variable is a y-variable on the BETWEEN
  level and an x-variable on the WITHIN level.  This variable will be treated
  as a y-variable on both levels:  W
   2 WARNING(S) FOUND IN THE INPUT INSTRUCTIONS



Multilevel mediated moderation_all Level 1 variables

SUMMARY OF ANALYSIS

Number of groups                                                 1
Number of observations                                        3200

Number of dependent variables                                    4
Number of independent variables                                  2
Number of continuous latent variables                            0

Observed dependent variables

  Continuous
   X           M           W           Y

Observed independent variables
   CXW         CXM

Variables with special functions

  Cluster variable      GROUP

  Within variables
   CXW         CXM


Estimator                                                      MLR
Information matrix                                        OBSERVED
Maximum number of iterations                                   100
Convergence criterion                                    0.100D-05
Maximum number of EM iterations                                500
Convergence criteria for the EM algorithm
  Loglikelihood change                                   0.100D-02
  Relative loglikelihood change                          0.100D-05
  Derivative                                             0.100D-03
Minimum variance                                         0.100D-03
Maximum number of steepest descent iterations                   20
Maximum number of iterations for H1                           2000
Convergence criterion for H1                             0.100D-03
Optimization algorithm                                         EMA

Input data file(s)
  12.6 example.csv
Input data format  FREE


SUMMARY OF DATA

     Number of clusters                        100

     Average cluster size       32.000

     Estimated Intraclass Correlations for the Y Variables

                Intraclass              Intraclass              Intraclass
     Variable  Correlation   Variable  Correlation   Variable  Correlation

     X            0.002      M            0.186      W            0.002
     Y            0.135




UNIVARIATE SAMPLE STATISTICS


     UNIVARIATE HIGHER-ORDER MOMENT DESCRIPTIVE STATISTICS

         Variable/         Mean/     Skewness/   Minimum/ % with                Percentiles
        Sample Size      Variance    Kurtosis    Maximum  Min/Max      20%/60%    40%/80%    Median

     X                     2.990       0.024      -0.883    0.03%       2.157      2.732      2.979
            3200.000       1.007       0.071       6.695    0.03%       3.229      3.845
     M                     0.223      -0.287     -16.119    0.03%      -1.203     -0.245      0.229
            3200.000       3.642       2.909       7.753    0.03%       0.676      1.709
     W                     2.997      -0.008      -0.535    0.03%       2.175      2.722      2.990
            3200.000       0.976       0.009       6.534    0.03%       3.234      3.845
     Y                     0.255      -0.234     -17.443    0.03%      -1.405     -0.255      0.278
            3200.000       4.579       2.094       8.100    0.03%       0.769      1.906
     CXW                   0.015       0.271      -6.450    0.03%      -0.509     -0.086     -0.002
            3200.000       0.968       7.656      10.038    0.03%       0.091      0.512
     CXM                   0.102      -1.120     -36.138    0.03%      -0.637     -0.083      0.012
            3200.000       5.002      33.684      18.093    0.03%       0.144      0.843


THE MODEL ESTIMATION TERMINATED NORMALLY



MODEL FIT INFORMATION

Number of Free Parameters                       24

Loglikelihood

          H0 Value                      -19906.285
          H0 Scaling Correction Factor      1.7007
            for MLR
          H1 Value                      -19796.750
          H1 Scaling Correction Factor      2.2938
            for MLR

Information Criteria

          Akaike (AIC)                   39860.571
          Bayesian (BIC)                 40006.272
          Sample-Size Adjusted BIC       39930.014
            (n* = (n + 2) / 24)

Chi-Square Test of Model Fit

          Value                             53.787*
          Degrees of Freedom                     8
          P-Value                           0.0000
          Scaling Correction Factor         4.0729
            for MLR

*   The chi-square value for MLM, MLMV, MLR, ULSMV, WLSM and WLSMV cannot be used
    for chi-square difference testing in the regular way.  MLM, MLR and WLSM
    chi-square difference testing is described on the Mplus website.  MLMV, WLSMV,
    and ULSMV difference testing is done using the DIFFTEST option.

RMSEA (Root Mean Square Error Of Approximation)

          Estimate                           0.042

CFI/TLI

          CFI                                0.977
          TLI                                0.943

Chi-Square Test of Model Fit for the Baseline Model

          Value                           2018.854
          Degrees of Freedom                    20
          P-Value                           0.0000

SRMR (Standardized Root Mean Square Residual)

          Value for Within                   0.079
          Value for Between                  0.130



MODEL RESULTS

                                                    Two-Tailed
                    Estimate       S.E.  Est./S.E.    P-Value

Within Level

 Y          ON
    X                  0.000      0.020     -0.015      0.988
    M                  1.008      0.010    105.187      0.000
    W                 -0.007      0.019     -0.364      0.716
    CXM               -0.001      0.008     -0.082      0.935
    CXW               -0.002      0.017     -0.104      0.918

 M          ON
    W                  0.154      0.093      1.648      0.099

 Variances
    X                  1.006      0.025     39.635      0.000
    W                  0.975      0.023     43.122      0.000

 Residual Variances
    M                  2.963      0.228     12.987      0.000
    Y                  0.955      0.024     39.346      0.000

Between Level

 X        WITH
    M                 -0.014      0.019     -0.751      0.453
    W                  0.001      0.004      0.258      0.797
    Y                 -0.014      0.018     -0.756      0.450

 M        WITH
    W                 -0.011      0.016     -0.718      0.473
    Y                  0.624      0.107      5.814      0.000

 W        WITH
    Y                 -0.011      0.015     -0.719      0.472

 Means
    X                  2.990      0.018    170.793      0.000
    M                  0.223      0.087      2.577      0.010
    W                  2.997      0.017    179.553      0.000
    Y                  0.255      0.084      3.022      0.003

 Variances
    X                  0.002      0.006      0.355      0.723
    M                  0.656      0.113      5.798      0.000
    W                  0.001      0.007      0.189      0.850
    Y                  0.595      0.104      5.715      0.000

New/Additional Parameters
    IND                0.000      0.001     -0.081      0.935
    HS                -0.001      0.024     -0.058      0.953
    LS                 0.001      0.024      0.034      0.973


QUALITY OF NUMERICAL RESULTS

     Condition Number for the Information Matrix              0.111E-07
       (ratio of smallest to largest eigenvalue)


TECHNICAL 1 OUTPUT


     PARAMETER SPECIFICATION FOR WITHIN


           NU
              X             M             W             Y             CXW
              ________      ________      ________      ________      ________
                    0             0             0             0             0


           NU
              CXM
              ________
                    0


           LAMBDA
              X             M             W             Y             CXW
              ________      ________      ________      ________      ________
 X                  0             0             0             0             0
 M                  0             0             0             0             0
 W                  0             0             0             0             0
 Y                  0             0             0             0             0
 CXW                0             0             0             0             0
 CXM                0             0             0             0             0


           LAMBDA
              CXM
              ________
 X                  0
 M                  0
 W                  0
 Y                  0
 CXW                0
 CXM                0


           THETA
              X             M             W             Y             CXW
              ________      ________      ________      ________      ________
 X                  0
 M                  0             0
 W                  0             0             0
 Y                  0             0             0             0
 CXW                0             0             0             0             0
 CXM                0             0             0             0             0


           THETA
              CXM
              ________
 CXM                0


           ALPHA
              X             M             W             Y             CXW
              ________      ________      ________      ________      ________
                    0             0             0             0             0


           ALPHA
              CXM
              ________
                    0


           BETA
              X             M             W             Y             CXW
              ________      ________      ________      ________      ________
 X                  0             0             0             0             0
 M                  0             0             1             0             0
 W                  0             0             0             0             0
 Y                  2             3             4             0             5
 CXW                0             0             0             0             0
 CXM                0             0             0             0             0


           BETA
              CXM
              ________
 X                  0
 M                  0
 W                  0
 Y                  6
 CXW                0
 CXM                0


           PSI
              X             M             W             Y             CXW
              ________      ________      ________      ________      ________
 X                  7
 M                  0             8
 W                  0             0             9
 Y                  0             0             0            10
 CXW                0             0             0             0             0
 CXM                0             0             0             0             0


           PSI
              CXM
              ________
 CXM                0


     PARAMETER SPECIFICATION FOR BETWEEN


           NU
              X             M             W             Y
              ________      ________      ________      ________
                    0             0             0             0


           LAMBDA
              X             M             W             Y
              ________      ________      ________      ________
 X                  0             0             0             0
 M                  0             0             0             0
 W                  0             0             0             0
 Y                  0             0             0             0


           THETA
              X             M             W             Y
              ________      ________      ________      ________
 X                  0
 M                  0             0
 W                  0             0             0
 Y                  0             0             0             0


           ALPHA
              X             M             W             Y
              ________      ________      ________      ________
                   11            12            13            14


           BETA
              X             M             W             Y
              ________      ________      ________      ________
 X                  0             0             0             0
 M                  0             0             0             0
 W                  0             0             0             0
 Y                  0             0             0             0


           PSI
              X             M             W             Y
              ________      ________      ________      ________
 X                 15
 M                 16            17
 W                 18            19            20
 Y                 21            22            23            24


     PARAMETER SPECIFICATION FOR THE ADDITIONAL PARAMETERS


           NEW/ADDITIONAL PARAMETERS
              IND           HS            LS
              ________      ________      ________
                   25            26            27


     STARTING VALUES FOR WITHIN


           NU
              X             M             W             Y             CXW
              ________      ________      ________      ________      ________
                0.000         0.000         0.000         0.000         0.000


           NU
              CXM
              ________
                0.000


           LAMBDA
              X             M             W             Y             CXW
              ________      ________      ________      ________      ________
 X              1.000         0.000         0.000         0.000         0.000
 M              0.000         1.000         0.000         0.000         0.000
 W              0.000         0.000         1.000         0.000         0.000
 Y              0.000         0.000         0.000         1.000         0.000
 CXW            0.000         0.000         0.000         0.000         1.000
 CXM            0.000         0.000         0.000         0.000         0.000


           LAMBDA
              CXM
              ________
 X              0.000
 M              0.000
 W              0.000
 Y              0.000
 CXW            0.000
 CXM            1.000


           THETA
              X             M             W             Y             CXW
              ________      ________      ________      ________      ________
 X              0.000
 M              0.000         0.000
 W              0.000         0.000         0.000
 Y              0.000         0.000         0.000         0.000
 CXW            0.000         0.000         0.000         0.000         0.000
 CXM            0.000         0.000         0.000         0.000         0.000


           THETA
              CXM
              ________
 CXM            0.000


           ALPHA
              X             M             W             Y             CXW
              ________      ________      ________      ________      ________
                0.000         0.000         0.000         0.000         0.000


           ALPHA
              CXM
              ________
                0.000


           BETA
              X             M             W             Y             CXW
              ________      ________      ________      ________      ________
 X              0.000         0.000         0.000         0.000         0.000
 M              0.000         0.000         0.000         0.000         0.000
 W              0.000         0.000         0.000         0.000         0.000
 Y              0.000         0.000         0.000         0.000         0.000
 CXW            0.000         0.000         0.000         0.000         0.000
 CXM            0.000         0.000         0.000         0.000         0.000


           BETA
              CXM
              ________
 X              0.000
 M              0.000
 W              0.000
 Y              0.000
 CXW            0.000
 CXM            0.000


           PSI
              X             M             W             Y             CXW
              ________      ________      ________      ________      ________
 X              0.504
 M              0.000         1.821
 W              0.000         0.000         0.488
 Y              0.000         0.000         0.000         2.289
 CXW            0.000         0.000         0.000         0.000         0.484
 CXM            0.000         0.000         0.000         0.000         0.000


           PSI
              CXM
              ________
 CXM            2.501


     STARTING VALUES FOR BETWEEN


           NU
              X             M             W             Y
              ________      ________      ________      ________
                0.000         0.000         0.000         0.000


           LAMBDA
              X             M             W             Y
              ________      ________      ________      ________
 X              1.000         0.000         0.000         0.000
 M              0.000         1.000         0.000         0.000
 W              0.000         0.000         1.000         0.000
 Y              0.000         0.000         0.000         1.000


           THETA
              X             M             W             Y
              ________      ________      ________      ________
 X              0.000
 M              0.000         0.000
 W              0.000         0.000         0.000
 Y              0.000         0.000         0.000         0.000


           ALPHA
              X             M             W             Y
              ________      ________      ________      ________
                2.990         0.223         2.997         0.255


           BETA
              X             M             W             Y
              ________      ________      ________      ________
 X              0.000         0.000         0.000         0.000
 M              0.000         0.000         0.000         0.000
 W              0.000         0.000         0.000         0.000
 Y              0.000         0.000         0.000         0.000


           PSI
              X             M             W             Y
              ________      ________      ________      ________
 X              0.504
 M              0.000         1.821
 W              0.000         0.000         0.488
 Y              0.000         0.000         0.000         2.289


     STARTING VALUES FOR THE ADDITIONAL PARAMETERS


           NEW/ADDITIONAL PARAMETERS
              IND           HS            LS
              ________      ________      ________
                0.500         0.500         0.500


TECHNICAL 3 OUTPUT


           ESTIMATED COVARIANCE MATRIX FOR PARAMETER ESTIMATES
                     1             2             3             4             5
              ________      ________      ________      ________      ________
        1   0.872579D-02
        2  -0.164390D-03  0.388001D-03
        3   0.120636D-03 -0.504650D-04  0.917615D-04
        4  -0.220212D-03  0.743086D-04 -0.595085D-04  0.351821D-03
        5  -0.263519D-03 -0.735735D-05 -0.473224D-04  0.684679D-04  0.283919D-03
        6  -0.542573D-04  0.357383D-05  0.507772D-05 -0.505574D-04 -0.980752D-05
        7  -0.431183D-04 -0.121081D-03  0.177372D-04 -0.482540D-05  0.548269D-04
        8   0.242272D-02  0.623177D-03  0.177943D-03  0.175616D-03  0.553253D-04
        9   0.215699D-03  0.729467D-04 -0.952878D-05 -0.294189D-04 -0.366091D-04
       10  -0.345721D-04  0.491272D-04  0.164569D-04 -0.158633D-04 -0.288897D-04
       11   0.427627D-03  0.374812D-04 -0.604784D-05 -0.395501D-04 -0.144034D-04
       12  -0.119889D-02 -0.118861D-03  0.518225D-05 -0.314598D-03 -0.324405D-04
       13   0.150138D-03 -0.363873D-04  0.568386D-06 -0.302944D-04  0.627705D-05
       14  -0.107437D-02 -0.847425D-04 -0.137546D-04 -0.265012D-03 -0.531315D-04
       15   0.209205D-04 -0.800914D-05 -0.139576D-05  0.215898D-04 -0.687846D-05
       16  -0.122162D-03  0.306491D-04 -0.548818D-07  0.359684D-04  0.585899D-04
       17   0.303611D-03 -0.281647D-03 -0.198177D-03 -0.426359D-04 -0.193525D-03
       18  -0.236838D-04  0.438903D-05  0.132337D-05 -0.752591D-06 -0.511108D-05
       19  -0.306254D-04 -0.364956D-04 -0.144215D-04  0.323371D-04  0.759058D-05
       20  -0.561521D-04 -0.281384D-05 -0.108516D-05 -0.508883D-05  0.182793D-04
       21  -0.117175D-03  0.221849D-04  0.201762D-05  0.228403D-04  0.448035D-04
       22   0.410101D-03 -0.256825D-03 -0.229599D-03 -0.368435D-04 -0.132310D-03
       23  -0.663108D-04 -0.366361D-04 -0.102696D-04  0.947333D-05  0.502651D-05
       24   0.517014D-03 -0.238857D-03 -0.246161D-03 -0.376264D-04 -0.919877D-04
       25  -0.140114D-04  0.656736D-06  0.703348D-06 -0.763929D-05 -0.133871D-05
       26  -0.258244D-03  0.394035D-03 -0.417578D-04 -0.127533D-04 -0.242503D-04
       27  -0.705362D-04  0.381966D-03 -0.591722D-04  0.161371D-03  0.953559D-05


           ESTIMATED COVARIANCE MATRIX FOR PARAMETER ESTIMATES
                     6             7             8             9            10
              ________      ________      ________      ________      ________
        6   0.630739D-04
        7   0.298561D-04  0.643630D-03
        8   0.262251D-03  0.797940D-04  0.520625D-01
        9   0.720402D-05 -0.444345D-04  0.148517D-02  0.511230D-03
       10   0.504200D-05 -0.857168D-04  0.594112D-03 -0.508727D-04  0.589511D-03
       11   0.135900D-04 -0.456610D-05  0.250067D-03  0.401184D-05 -0.459527D-05
       12   0.257080D-04  0.281279D-03 -0.108383D-02  0.480860D-04 -0.199199D-03
       13   0.203353D-06  0.219457D-04 -0.409965D-03  0.315506D-04  0.316237D-04
       14   0.122329D-04  0.292377D-03 -0.933965D-03  0.197624D-04 -0.142252D-03
       15  -0.118612D-04 -0.424152D-06  0.106760D-03  0.281084D-04 -0.144327D-05
       16   0.275013D-04 -0.355534D-04 -0.591134D-03 -0.107293D-03  0.515908D-04
       17  -0.904672D-04 -0.586346D-03 -0.222322D-02  0.261958D-03  0.150750D-03
       18  -0.411790D-05  0.409352D-05 -0.158960D-04 -0.788204D-05  0.226254D-04
       19   0.965407D-05  0.153285D-04 -0.555299D-03 -0.628201D-04 -0.245550D-04
       20  -0.214655D-05  0.260795D-05 -0.207647D-03 -0.602034D-05  0.209078D-05
       21   0.266206D-04 -0.271417D-04 -0.464106D-03 -0.957538D-04  0.451279D-04
       22  -0.831910D-04 -0.550250D-03 -0.205306D-02  0.243051D-03  0.888237D-04
       23   0.114503D-04  0.170375D-04 -0.633900D-03 -0.651456D-04 -0.294457D-04
       24  -0.818222D-04 -0.517778D-03 -0.206078D-02  0.213212D-03  0.483373D-05
       25   0.974394D-05  0.462361D-05  0.387960D-04  0.968982D-06  0.798522D-06
       26   0.112099D-03 -0.697021D-04  0.106480D-02  0.850678D-04  0.576945D-04
       27  -0.104951D-03 -0.172460D-03  0.181550D-03  0.608256D-04  0.405599D-04


           ESTIMATED COVARIANCE MATRIX FOR PARAMETER ESTIMATES
                    11            12            13            14            15
              ________      ________      ________      ________      ________
       11   0.306564D-03
       12  -0.137631D-03  0.749021D-02
       13   0.384003D-04 -0.762967D-04  0.278688D-03
       14  -0.110998D-03  0.716762D-02 -0.960528D-04  0.712277D-02
       15  -0.144043D-05 -0.723817D-04  0.517191D-05 -0.665781D-04  0.321950D-04
       16  -0.493667D-04 -0.222816D-03  0.126275D-04 -0.189205D-03 -0.313441D-04
       17  -0.190461D-03  0.776333D-03  0.469270D-04  0.938274D-03  0.112941D-03
       18   0.998286D-05  0.273358D-04  0.186979D-04  0.333448D-04 -0.281386D-05
       19   0.147184D-05  0.121982D-03 -0.522021D-04  0.100401D-03 -0.557289D-05
       20   0.174537D-04 -0.645503D-04  0.101811D-04 -0.845728D-04  0.199429D-05
       21  -0.432209D-04 -0.166795D-03  0.212005D-04 -0.127721D-03 -0.287821D-04
       22  -0.149492D-03  0.994332D-03  0.313066D-04  0.111781D-02  0.883744D-04
       23   0.660041D-05  0.101761D-03 -0.733915D-04  0.758191D-04 -0.401337D-05
       24  -0.999039D-04  0.116501D-02  0.708739D-05  0.127188D-02  0.664038D-04
       25   0.181449D-05  0.473477D-05 -0.660823D-07  0.257984D-05 -0.183933D-05
       26   0.608277D-04 -0.744037D-04 -0.359600D-04 -0.635090D-04 -0.284470D-04
       27   0.141347D-04 -0.163319D-03 -0.368146D-04 -0.105976D-03  0.124287D-04


           ESTIMATED COVARIANCE MATRIX FOR PARAMETER ESTIMATES
                    16            17            18            19            20
              ________      ________      ________      ________      ________
       16   0.372341D-03
       17  -0.284813D-03  0.128034D-01
       18  -0.663555D-05 -0.205445D-04  0.163902D-04
       19  -0.376609D-04 -0.500336D-03 -0.975685D-05  0.247926D-03
       20  -0.116176D-05 -0.273814D-04 -0.373294D-05  0.472130D-05  0.562472D-04
       21   0.338668D-03 -0.237556D-03 -0.332054D-05 -0.399180D-04 -0.411720D-05
       22  -0.255064D-03  0.120223D-01 -0.250193D-04 -0.454183D-03 -0.317353D-04
       23  -0.413081D-04 -0.472749D-03 -0.128234D-04  0.232432D-03  0.821156D-05
       24  -0.230555D-03  0.112507D-01 -0.300710D-04 -0.410894D-03 -0.360344D-04
       25   0.431242D-05 -0.141222D-04 -0.618493D-06  0.150588D-05 -0.293989D-06
       26   0.781008D-04 -0.436957D-03 -0.269647D-05 -0.197726D-04 -0.646976D-05
       27  -0.168026D-04 -0.126337D-03  0.114745D-04 -0.532186D-04  0.842070D-06


           ESTIMATED COVARIANCE MATRIX FOR PARAMETER ESTIMATES
                    21            22            23            24            25
              ________      ________      ________      ________      ________
       21   0.321496D-03
       22  -0.218903D-03  0.115362D-01
       23  -0.441500D-04 -0.431379D-03  0.231819D-03
       24  -0.204584D-03  0.110444D-01 -0.385679D-03  0.108460D-01
       25   0.417362D-05 -0.130713D-04  0.180551D-05 -0.129300D-04  0.150894D-05
       26   0.680967D-04 -0.399642D-03 -0.168063D-04 -0.379316D-03  0.174225D-04
       27  -0.237269D-04 -0.114008D-03 -0.564659D-04 -0.983973D-04 -0.161090D-04


           ESTIMATED COVARIANCE MATRIX FOR PARAMETER ESTIMATES
                    26            27
              ________      ________
       26   0.586800D-03
       27   0.201270D-03  0.562662D-03


           ESTIMATED CORRELATION MATRIX FOR PARAMETER ESTIMATES
                     1             2             3             4             5
              ________      ________      ________      ________      ________
        1       1.000
        2      -0.089         1.000
        3       0.135        -0.267         1.000
        4      -0.126         0.201        -0.331         1.000
        5      -0.167        -0.022        -0.293         0.217         1.000
        6      -0.073         0.023         0.067        -0.339        -0.073
        7      -0.018        -0.242         0.073        -0.010         0.128
        8       0.114         0.139         0.081         0.041         0.014
        9       0.102         0.164        -0.044        -0.069        -0.096
       10      -0.015         0.103         0.071        -0.035        -0.071
       11       0.261         0.109        -0.036        -0.120        -0.049
       12      -0.148        -0.070         0.006        -0.194        -0.022
       13       0.096        -0.111         0.004        -0.097         0.022
       14      -0.136        -0.051        -0.017        -0.167        -0.037
       15       0.039        -0.072        -0.026         0.203        -0.072
       16      -0.068         0.081         0.000         0.099         0.180
       17       0.029        -0.126        -0.183        -0.020        -0.102
       18      -0.063         0.055         0.034        -0.010        -0.075
       19      -0.021        -0.118        -0.096         0.109         0.029
       20      -0.080        -0.019        -0.015        -0.036         0.145
       21      -0.070         0.063         0.012         0.068         0.148
       22       0.041        -0.121        -0.223        -0.018        -0.073
       23      -0.047        -0.122        -0.070         0.033         0.020
       24       0.053        -0.116        -0.247        -0.019        -0.052
       25      -0.122         0.027         0.060        -0.332        -0.065
       26      -0.114         0.826        -0.180        -0.028        -0.059
       27      -0.032         0.817        -0.260         0.363         0.024


           ESTIMATED CORRELATION MATRIX FOR PARAMETER ESTIMATES
                     6             7             8             9            10
              ________      ________      ________      ________      ________
        6       1.000
        7       0.148         1.000
        8       0.145         0.014         1.000
        9       0.040        -0.077         0.288         1.000
       10       0.026        -0.139         0.107        -0.093         1.000
       11       0.098        -0.010         0.063         0.010        -0.011
       12       0.037         0.128        -0.055         0.025        -0.095
       13       0.002         0.052        -0.108         0.084         0.078
       14       0.018         0.137        -0.049         0.010        -0.069
       15      -0.263        -0.003         0.082         0.219        -0.010
       16       0.179        -0.073        -0.134        -0.246         0.110
       17      -0.101        -0.204        -0.086         0.102         0.055
       18      -0.128         0.040        -0.017        -0.086         0.230
       19       0.077         0.038        -0.155        -0.176        -0.064
       20      -0.036         0.014        -0.121        -0.036         0.011
       21       0.187        -0.060        -0.113        -0.236         0.104
       22      -0.098        -0.202        -0.084         0.100         0.034
       23       0.095         0.044        -0.182        -0.189        -0.080
       24      -0.099        -0.196        -0.087         0.091         0.002
       25       0.999         0.148         0.138         0.035         0.027
       26       0.583        -0.113         0.193         0.155         0.098
       27      -0.557        -0.287         0.034         0.113         0.070


           ESTIMATED CORRELATION MATRIX FOR PARAMETER ESTIMATES
                    11            12            13            14            15
              ________      ________      ________      ________      ________
       11       1.000
       12      -0.091         1.000
       13       0.131        -0.053         1.000
       14      -0.075         0.981        -0.068         1.000
       15      -0.014        -0.147         0.055        -0.139         1.000
       16      -0.146        -0.133         0.039        -0.116        -0.286
       17      -0.096         0.079         0.025         0.098         0.176
       18       0.141         0.078         0.277         0.098        -0.122
       19       0.005         0.090        -0.199         0.076        -0.062
       20       0.133        -0.099         0.081        -0.134         0.047
       21      -0.138        -0.107         0.071        -0.084        -0.283
       22      -0.079         0.107         0.017         0.123         0.145
       23       0.025         0.077        -0.289         0.059        -0.046
       24      -0.055         0.129         0.004         0.145         0.112
       25       0.084         0.045        -0.003         0.025        -0.264
       26       0.143        -0.035        -0.089        -0.031        -0.207
       27       0.034        -0.080        -0.093        -0.053         0.092


           ESTIMATED CORRELATION MATRIX FOR PARAMETER ESTIMATES
                    16            17            18            19            20
              ________      ________      ________      ________      ________
       16       1.000
       17      -0.130         1.000
       18      -0.085        -0.045         1.000
       19      -0.124        -0.281        -0.153         1.000
       20      -0.008        -0.032        -0.123         0.040         1.000
       21       0.979        -0.117        -0.046        -0.141        -0.031
       22      -0.123         0.989        -0.058        -0.269        -0.039
       23      -0.141        -0.274        -0.208         0.970         0.072
       24      -0.115         0.955        -0.071        -0.251        -0.046
       25       0.182        -0.102        -0.124         0.078        -0.032
       26       0.167        -0.159        -0.027        -0.052        -0.036
       27      -0.037        -0.047         0.119        -0.142         0.005


           ESTIMATED CORRELATION MATRIX FOR PARAMETER ESTIMATES
                    21            22            23            24            25
              ________      ________      ________      ________      ________
       21       1.000
       22      -0.114         1.000
       23      -0.162        -0.264         1.000
       24      -0.110         0.987        -0.243         1.000
       25       0.189        -0.099         0.097        -0.101         1.000
       26       0.157        -0.154        -0.046        -0.150         0.586
       27      -0.056        -0.045        -0.156        -0.040        -0.553


           ESTIMATED CORRELATION MATRIX FOR PARAMETER ESTIMATES
                    26            27
              ________      ________
       26       1.000
       27       0.350         1.000


     Beginning Time:  11:46:05
        Ending Time:  11:46:05
       Elapsed Time:  00:00:00



MUTHEN & MUTHEN
3463 Stoner Ave.
Los Angeles, CA  90066

Tel: (310) 391-9971
Fax: (310) 391-8971
Web: www.StatModel.com
Support: Support@StatModel.com

Copyright (c) 1998-2023 Muthen & Muthen
