Mplus VERSION 8.10 (Mac)
MUTHEN & MUTHEN
11/04/2024  11:37 AM

INPUT INSTRUCTIONS

  TITLE:
      multilevel first stage moderated mediation
      w at Level-2; x, m, y at Level-1

  DATA:
      FILE IS 12.5 example.csv;

  VARIABLE:
      NAMES ARE w y m x group;
      USEVARIABLES ARE x m w y group;
      CLUSTER=group;
      WITHIN=;
      BETWEEN=w;

  DEFINE:
      CENTER w (grandmean);

  ANALYSIS:
      TYPE = TWOLEVEL RANDOM;

  MODEL:
      %WITHIN%
      s1|m ON x;
      s2|y ON m;
      y ON x;

      %BETWEEN%
      s1 on w (a1);!cross-level interaction
      [s1] (a0);!mean x-m relationship
      [s2] (b); !mean m-y relationship
      m y on w;	!direct effect of w on m and y

      m with s1;	!covariance between intercept and slope
      y with s2;	!covariance between intercept and slope
      s1 with s2;	!covariance between the two slopes

      x m with y;
      x with m w; 	!let group-mean of x covary with other Level-2 variables

      w (v);

  MODEL CONSTRAINT:
  	NEW(mod_h mod_l index);
  	mod_h=a0+a1*sqrt(v);
  	mod_l=a0-a1*sqrt(v);
  	index=a1*b;

  OUTPUT:
  	tech1 tech3;



*** WARNING in MODEL command
  In the MODEL command, the following variable is a y-variable on the BETWEEN
  level and an x-variable on the WITHIN level.  This variable will be treated
  as a y-variable on both levels:  X
*** WARNING in MODEL command
  In the MODEL command, the predictor variable on the WITHIN level refers to the whole observed
  variable.  To use the latent within-level part, use ESTIMATOR=BAYES in the ANALYSIS command.
  This applies to the following statement(s):
    S1 | M ON X
    S2 | Y ON M
   2 WARNING(S) FOUND IN THE INPUT INSTRUCTIONS




multilevel first stage moderated mediation
w at Level-2; x, m, y at Level-1

SUMMARY OF ANALYSIS

Number of groups                                                 1
Number of observations                                        1000

Number of dependent variables                                    3
Number of independent variables                                  1
Number of continuous latent variables                            2

Observed dependent variables

  Continuous
   X           M           Y

Observed independent variables
   W

Continuous latent variables
   S1          S2

Variables with special functions

  Cluster variable      GROUP

  Between variables
   W

  Centering (GRANDMEAN)
   W


Estimator                                                      MLR
Information matrix                                        OBSERVED
Maximum number of iterations                                   100
Convergence criterion                                    0.100D-05
Maximum number of EM iterations                                500
Convergence criteria for the EM algorithm
  Loglikelihood change                                   0.100D-02
  Relative loglikelihood change                          0.100D-05
  Derivative                                             0.100D-03
Minimum variance                                         0.100D-03
Maximum number of steepest descent iterations                   20
Maximum number of iterations for H1                           2000
Convergence criterion for H1                             0.100D-03
Optimization algorithm                                         EMA

Input data file(s)
  12.5 example.csv
Input data format  FREE


SUMMARY OF DATA

     Number of clusters                         50

     Average cluster size       20.000

     Estimated Intraclass Correlations for the Y Variables

                Intraclass              Intraclass              Intraclass
     Variable  Correlation   Variable  Correlation   Variable  Correlation

     X            0.005      M            0.315      Y            0.490




UNIVARIATE SAMPLE STATISTICS


     UNIVARIATE HIGHER-ORDER MOMENT DESCRIPTIVE STATISTICS

         Variable/         Mean/     Skewness/   Minimum/ % with                Percentiles
        Sample Size      Variance    Kurtosis    Maximum  Min/Max      20%/60%    40%/80%    Median

     W                     0.000      -0.175      -2.375    2.00%      -0.739     -0.385     -0.064
              50.000       1.085      -0.380       2.264    2.00%       0.245      1.081
     X                     0.029       0.116      -3.225    0.10%      -0.783     -0.227      0.025
            1000.000       0.970       0.138       3.607    0.10%       0.260      0.832
     M                     2.986      -0.134      -3.618    0.10%       1.965      2.684      2.983
            1000.000       1.855       2.389      10.979    0.10%       3.286      4.047
     Y                     3.038      -0.064      -1.412    0.10%       2.025      2.718      3.047
            1000.000       1.418       0.303       7.982    0.10%       3.353      4.043


THE MODEL ESTIMATION TERMINATED NORMALLY



MODEL FIT INFORMATION

Number of Free Parameters                       26

Loglikelihood

          H0 Value                       -3818.256
          H0 Scaling Correction Factor      0.9212
            for MLR

Information Criteria

          Akaike (AIC)                    7688.513
          Bayesian (BIC)                  7816.114
          Sample-Size Adjusted BIC        7733.537
            (n* = (n + 2) / 24)



MODEL RESULTS

                                                    Two-Tailed
                    Estimate       S.E.  Est./S.E.    P-Value

Within Level

 Y          ON
    X                  0.038      0.030      1.248      0.212

 Variances
    X                  0.965      0.043     22.650      0.000

 Residual Variances
    M                  0.491      0.020     24.938      0.000
    Y                  0.479      0.020     24.246      0.000

Between Level

 S1         ON
    W                  0.357      0.115      3.098      0.002

 M          ON
    W                  0.243      0.081      3.019      0.003

 Y          ON
    W                  0.126      0.085      1.481      0.139

 M        WITH
    S1                 0.083      0.069      1.209      0.227

 Y        WITH
    S2                -0.018      0.021     -0.847      0.397

 S1       WITH
    S2                 0.021      0.013      1.667      0.095

 X        WITH
    Y                 -0.036      0.021     -1.712      0.087
    M                 -0.005      0.023     -0.213      0.832
    W                 -0.022      0.039     -0.552      0.581

 M        WITH
    Y                  0.092      0.095      0.962      0.336

 Means
    W                  0.000      0.147      0.000      1.000
    X                  0.029      0.031      0.925      0.355
    S2                 0.415      0.025     16.911      0.000

 Intercepts
    M                  3.006      0.104     29.044      0.000
    Y                  1.788      0.119     15.079      0.000
    S1                 0.243      0.103      2.360      0.018

 Variances
    W                  1.085      0.195      5.556      0.000
    X                  0.006      0.012      0.511      0.609
    S2                 0.005      0.003      1.464      0.143

 Residual Variances
    M                  0.506      0.099      5.134      0.000
    Y                  0.536      0.171      3.144      0.002
    S1                 0.491      0.085      5.780      0.000

New/Additional Parameters
    MOD_H              0.615      0.150      4.089      0.000
    MOD_L             -0.129      0.186     -0.696      0.486
    INDEX              0.148      0.048      3.084      0.002


QUALITY OF NUMERICAL RESULTS

     Condition Number for the Information Matrix              0.102E-04
       (ratio of smallest to largest eigenvalue)


TECHNICAL 1 OUTPUT


     PARAMETER SPECIFICATION FOR WITHIN


           NU
              X             M             Y
              ________      ________      ________
                    0             0             0


           LAMBDA
              X             M             Y
              ________      ________      ________
 X                  0             0             0
 M                  0             0             0
 Y                  0             0             0


           THETA
              X             M             Y
              ________      ________      ________
 X                  0
 M                  0             0
 Y                  0             0             0


           ALPHA
              X             M             Y
              ________      ________      ________
                    0             0             0


           BETA
              X             M             Y
              ________      ________      ________
 X                  0             0             0
 M                  0             0             0
 Y                  1             0             0


           PSI
              X             M             Y
              ________      ________      ________
 X                  2
 M                  0             3
 Y                  0             0             4


     PARAMETER SPECIFICATION FOR BETWEEN


           NU
              W             X             M             Y
              ________      ________      ________      ________
                    0             0             0             0


           LAMBDA
              S1            S2            W             X             M
              ________      ________      ________      ________      ________
 W                  0             0             0             0             0
 X                  0             0             0             0             0
 M                  0             0             0             0             0
 Y                  0             0             0             0             0


           LAMBDA
              Y
              ________
 W                  0
 X                  0
 M                  0
 Y                  0


           THETA
              W             X             M             Y
              ________      ________      ________      ________
 W                  0
 X                  0             0
 M                  0             0             0
 Y                  0             0             0             0


           ALPHA
              S1            S2            W             X             M
              ________      ________      ________      ________      ________
                    5             6             7             8             9


           ALPHA
              Y
              ________
                   10


           BETA
              S1            S2            W             X             M
              ________      ________      ________      ________      ________
 S1                 0             0            11             0             0
 S2                 0             0             0             0             0
 W                  0             0             0             0             0
 X                  0             0             0             0             0
 M                  0             0            12             0             0
 Y                  0             0            13             0             0


           BETA
              Y
              ________
 S1                 0
 S2                 0
 W                  0
 X                  0
 M                  0
 Y                  0


           PSI
              S1            S2            W             X             M
              ________      ________      ________      ________      ________
 S1                14
 S2                15            16
 W                  0             0            17
 X                  0             0            18            19
 M                 20             0             0            21            22
 Y                  0            23             0            24            25


           PSI
              Y
              ________
 Y                 26


     PARAMETER SPECIFICATION FOR THE ADDITIONAL PARAMETERS


           NEW/ADDITIONAL PARAMETERS
              MOD_H         MOD_L         INDEX
              ________      ________      ________
                   27            28            29


     STARTING VALUES FOR WITHIN


           NU
              X             M             Y
              ________      ________      ________
                0.000         0.000         0.000


           LAMBDA
              X             M             Y
              ________      ________      ________
 X              1.000         0.000         0.000
 M              0.000         1.000         0.000
 Y              0.000         0.000         1.000


           THETA
              X             M             Y
              ________      ________      ________
 X              0.000
 M              0.000         0.000
 Y              0.000         0.000         0.000


           ALPHA
              X             M             Y
              ________      ________      ________
                0.000         0.000         0.000


           BETA
              X             M             Y
              ________      ________      ________
 X              0.000         0.000         0.000
 M              0.000         0.000         0.000
 Y              0.000         0.000         0.000


           PSI
              X             M             Y
              ________      ________      ________
 X              0.485
 M              0.000         0.927
 Y              0.000         0.000         0.709


     STARTING VALUES FOR BETWEEN


           NU
              W             X             M             Y
              ________      ________      ________      ________
                0.000         0.000         0.000         0.000


           LAMBDA
              S1            S2            W             X             M
              ________      ________      ________      ________      ________
 W              0.000         0.000         1.000         0.000         0.000
 X              0.000         0.000         0.000         1.000         0.000
 M              0.000         0.000         0.000         0.000         1.000
 Y              0.000         0.000         0.000         0.000         0.000


           LAMBDA
              Y
              ________
 W              0.000
 X              0.000
 M              0.000
 Y              1.000


           THETA
              W             X             M             Y
              ________      ________      ________      ________
 W              0.000
 X              0.000         0.000
 M              0.000         0.000         0.000
 Y              0.000         0.000         0.000         0.000


           ALPHA
              S1            S2            W             X             M
              ________      ________      ________      ________      ________
                0.000         0.000         0.000         0.029         2.986


           ALPHA
              Y
              ________
                3.038


           BETA
              S1            S2            W             X             M
              ________      ________      ________      ________      ________
 S1             0.000         0.000         0.000         0.000         0.000
 S2             0.000         0.000         0.000         0.000         0.000
 W              0.000         0.000         0.000         0.000         0.000
 X              0.000         0.000         0.000         0.000         0.000
 M              0.000         0.000         0.000         0.000         0.000
 Y              0.000         0.000         0.000         0.000         0.000


           BETA
              Y
              ________
 S1             0.000
 S2             0.000
 W              0.000
 X              0.000
 M              0.000
 Y              0.000


           PSI
              S1            S2            W             X             M
              ________      ________      ________      ________      ________
 S1             1.000
 S2             0.000         1.000
 W              0.000         0.000         0.543
 X              0.000         0.000         0.000         0.485
 M              0.000         0.000         0.000         0.000         0.927
 Y              0.000         0.000         0.000         0.000         0.000


           PSI
              Y
              ________
 Y              0.709


     STARTING VALUES FOR THE ADDITIONAL PARAMETERS


           NEW/ADDITIONAL PARAMETERS
              MOD_H         MOD_L         INDEX
              ________      ________      ________
                0.500         0.500         0.500


TECHNICAL 3 OUTPUT


           ESTIMATED COVARIANCE MATRIX FOR PARAMETER ESTIMATES
                     1             2             3             4             5
              ________      ________      ________      ________      ________
        1   0.913149D-03
        2  -0.357936D-03  0.181399D-02
        3   0.929789D-04 -0.250682D-04  0.388268D-03
        4   0.107168D-03 -0.247481D-03  0.509597D-04  0.390043D-03
        5  -0.301289D-03 -0.354433D-03  0.190775D-03  0.715125D-04  0.105772D-01
        6  -0.321156D-03  0.386302D-03  0.129279D-04  0.477371D-04  0.609317D-03
        7   0.637158D-03 -0.729847D-03  0.194131D-03  0.520728D-03  0.107689D-03
        8  -0.286891D-05  0.131254D-04  0.105675D-03  0.785152D-04 -0.415080D-03
        9  -0.238888D-03  0.115606D-03  0.630784D-03 -0.107732D-03  0.245148D-02
       10   0.943051D-03 -0.169568D-02 -0.542379D-03 -0.141321D-03  0.529373D-03
       11  -0.118085D-03  0.151745D-02 -0.120454D-03 -0.334435D-03 -0.257369D-02
       12   0.174115D-03  0.339448D-03 -0.105034D-03 -0.263190D-03 -0.101597D-03
       13   0.528758D-04  0.568993D-03 -0.349425D-05 -0.133092D-03 -0.487890D-03
       14   0.185124D-03  0.944510D-03 -0.209194D-03 -0.239519D-03 -0.157890D-03
       15  -0.179370D-03  0.189719D-03 -0.267241D-04 -0.196798D-04  0.424173D-04
       16  -0.193195D-04  0.452725D-04 -0.597048D-05 -0.170599D-04 -0.602321D-05
       17  -0.818933D-04  0.774540D-03 -0.863567D-03 -0.383313D-03 -0.165651D-02
       18   0.388685D-04 -0.293512D-03  0.114279D-03  0.178892D-03 -0.351655D-03
       19   0.335526D-04 -0.101717D-03 -0.136161D-04 -0.538248D-04  0.314268D-03
       20   0.445254D-03  0.576535D-03  0.570946D-03 -0.335289D-03 -0.675015D-03
       21   0.363816D-04  0.110962D-03 -0.536993D-04 -0.269600D-04  0.141237D-03
       22  -0.151713D-03  0.196309D-03  0.163673D-03  0.758157D-03  0.149264D-02
       23   0.413370D-04 -0.189039D-03 -0.148546D-04  0.728746D-04  0.509443D-03
       24   0.424478D-04 -0.150708D-03  0.311541D-05  0.567062D-04 -0.238122D-03
       25  -0.102916D-03  0.342740D-03  0.559821D-03  0.498490D-04 -0.294554D-02
       26  -0.438669D-03  0.360795D-03  0.438817D-04  0.119403D-04 -0.312347D-02
       27  -0.438336D-03  0.135907D-02 -0.827159D-04 -0.342571D-03  0.761227D-02
       28  -0.164242D-03 -0.206793D-02  0.464266D-03  0.485596D-03  0.135422D-01
       29  -0.163737D-03  0.768324D-03 -0.454223D-04 -0.121884D-03 -0.851576D-03


           ESTIMATED COVARIANCE MATRIX FOR PARAMETER ESTIMATES
                     6             7             8             9            10
              ________      ________      ________      ________      ________
        6   0.603410D-03
        7   0.872755D-04  0.217047D-01
        8  -0.639513D-05 -0.431168D-03  0.979161D-03
        9   0.842922D-03 -0.241617D-05 -0.168795D-03  0.107141D-01
       10  -0.154190D-02 -0.227721D-03 -0.725540D-03 -0.591525D-03  0.140664D-01
       11  -0.190672D-03 -0.892826D-03 -0.302072D-03 -0.545270D-03  0.381692D-03
       12   0.475786D-03  0.859791D-03  0.632871D-05  0.116630D-02 -0.129132D-02
       13  -0.103116D-03  0.160050D-02 -0.148880D-03  0.112594D-03  0.714819D-03
       14   0.828314D-04 -0.288489D-02 -0.737952D-04 -0.100180D-02 -0.523936D-03
       15   0.526326D-04 -0.315171D-03  0.297002D-04 -0.716662D-04 -0.207130D-04
       16  -0.286374D-05 -0.509892D-04 -0.257034D-05  0.124447D-04 -0.431741D-04
       17  -0.779713D-03 -0.394688D-02 -0.173623D-02  0.925469D-03  0.382177D-02
       18   0.583998D-04 -0.196679D-02  0.232835D-03  0.127600D-04 -0.357442D-03
       19  -0.839204D-04  0.292582D-03 -0.378007D-04  0.118129D-03  0.294688D-03
       20   0.240286D-03 -0.130081D-03  0.128899D-03  0.153566D-02 -0.265512D-02
       21   0.595435D-04  0.123761D-03  0.630043D-04  0.708261D-03  0.349738D-03
       22   0.707980D-03  0.122949D-02  0.552040D-03 -0.134538D-02 -0.186920D-02
       23  -0.100513D-04  0.103882D-03  0.314417D-04  0.501679D-04  0.529209D-03
       24   0.110579D-03 -0.102000D-03 -0.390363D-04  0.549811D-03  0.305300D-04
       25  -0.144298D-03  0.283520D-03  0.541049D-03 -0.351913D-03 -0.399215D-02
       26   0.519306D-04  0.333593D-03  0.224285D-03 -0.401183D-02 -0.408428D-02
       27   0.277051D-03 -0.149886D-02 -0.102734D-02  0.204209D-02  0.158202D-02
       28   0.941582D-03  0.171424D-02  0.197176D-03  0.286087D-02 -0.523279D-03
       29   0.136264D-03 -0.339731D-03 -0.127770D-03  0.744851D-04 -0.392037D-03


           ESTIMATED COVARIANCE MATRIX FOR PARAMETER ESTIMATES
                    11            12            13            14            15
              ________      ________      ________      ________      ________
       11   0.132876D-01
       12  -0.954055D-03  0.649563D-02
       13   0.397838D-02  0.987570D-03  0.719960D-02
       14   0.197674D-02 -0.184586D-03  0.209057D-03  0.720643D-02
       15   0.720558D-04 -0.136871D-03 -0.303730D-03  0.329807D-03  0.157715D-03
       16  -0.352218D-04  0.312353D-04  0.101969D-04 -0.480468D-04  0.719586D-05
       17   0.676597D-02 -0.352420D-02  0.207583D-02  0.436314D-02  0.509889D-04
       18  -0.189420D-02  0.117647D-03 -0.123763D-02 -0.339838D-03 -0.182212D-04
       19   0.137135D-03 -0.170278D-03  0.260192D-03  0.471275D-04 -0.313685D-04
       20  -0.270373D-03  0.798740D-03  0.885712D-03  0.331522D-03 -0.257525D-03
       21   0.804105D-04  0.430367D-03  0.299258D-03  0.113126D-03 -0.527739D-04
       22   0.682106D-03 -0.595056D-05  0.103075D-02 -0.506931D-03  0.917682D-04
       23  -0.329382D-03 -0.194940D-03 -0.889434D-03  0.134569D-03  0.127159D-04
       24  -0.313657D-03  0.155156D-03 -0.712122D-04 -0.272692D-04 -0.110963D-04
       25   0.122607D-02  0.787307D-03  0.381449D-02 -0.410456D-03 -0.103118D-03
       26   0.166909D-02  0.284175D-02  0.574152D-02 -0.134398D-03  0.124500D-03
       27   0.124278D-01 -0.169948D-02  0.401222D-02  0.264913D-02  0.126218D-03
       28  -0.175752D-01  0.149629D-02 -0.498800D-02 -0.296491D-02 -0.413833D-04
       29   0.545183D-02 -0.226433D-03  0.161587D-02  0.850754D-03  0.487280D-04


           ESTIMATED COVARIANCE MATRIX FOR PARAMETER ESTIMATES
                    16            17            18            19            20
              ________      ________      ________      ________      ________
       16   0.108079D-04
       17   0.961385D-04  0.381482D-01
       18   0.606575D-05 -0.291210D-03  0.152285D-02
       19  -0.307114D-05  0.145686D-03 -0.292988D-03  0.147398D-03
       20   0.109801D-05 -0.339258D-02  0.167822D-03  0.119194D-04  0.476391D-02
       21   0.196705D-05  0.308902D-03 -0.194631D-03  0.566151D-04  0.309496D-03
       22  -0.945049D-04 -0.377565D-02  0.481594D-03 -0.131808D-03 -0.426716D-04
       23  -0.299404D-04 -0.542115D-03  0.101559D-03 -0.705311D-05 -0.347070D-03
       24  -0.492063D-05 -0.628289D-04  0.186137D-03 -0.618422D-04  0.126265D-03
       25   0.112312D-04 -0.151185D-03 -0.115401D-04  0.149747D-04  0.144247D-02
       26   0.535678D-04 -0.138190D-02 -0.715173D-03 -0.415508D-04  0.102271D-02
       27  -0.262363D-04  0.119302D-01 -0.237478D-02  0.482093D-03 -0.153814D-02
       28   0.141899D-04 -0.152432D-01  0.167146D-02  0.146443D-03  0.188113D-03
       29  -0.156544D-04  0.253228D-02 -0.766032D-03  0.270011D-04 -0.265137D-04


           ESTIMATED COVARIANCE MATRIX FOR PARAMETER ESTIMATES
                    21            22            23            24            25
              ________      ________      ________      ________      ________
       21   0.529578D-03
       22  -0.249799D-03  0.970394D-02
       23  -0.325382D-04  0.184372D-03  0.456243D-03
       24   0.784671D-04  0.699688D-04 -0.440111D-04  0.434469D-03
       25  -0.271685D-03  0.210955D-02 -0.130976D-02  0.981231D-05  0.907037D-02
       26  -0.107113D-04  0.540423D-03 -0.277813D-02 -0.568203D-04  0.921156D-02
       27   0.277947D-03  0.155606D-02  0.734052D-04 -0.575631D-03 -0.169425D-02
       28   0.452780D-05  0.142922D-02  0.945481D-03  0.993863D-04 -0.419683D-02
       29   0.546666D-04  0.536173D-03 -0.140421D-03 -0.908122D-04  0.457803D-03


           ESTIMATED COVARIANCE MATRIX FOR PARAMETER ESTIMATES
                    26            27            28            29
              ________      ________      ________      ________
       26   0.290712D-01
       27  -0.162161D-02  0.226032D-01
       28  -0.462533D-02 -0.737870D-02  0.344631D-01
       29   0.711917D-03  0.526168D-02 -0.696483D-02  0.231345D-02


           ESTIMATED CORRELATION MATRIX FOR PARAMETER ESTIMATES
                     1             2             3             4             5
              ________      ________      ________      ________      ________
        1       1.000
        2      -0.278         1.000
        3       0.156        -0.030         1.000
        4       0.180        -0.294         0.131         1.000
        5      -0.097        -0.081         0.094         0.035         1.000
        6      -0.433         0.369         0.027         0.098         0.241
        7       0.143        -0.116         0.067         0.179         0.007
        8      -0.003         0.010         0.171         0.127        -0.129
        9      -0.076         0.026         0.309        -0.053         0.230
       10       0.263        -0.336        -0.232        -0.060         0.043
       11      -0.034         0.309        -0.053        -0.147        -0.217
       12       0.071         0.099        -0.066        -0.165        -0.012
       13       0.021         0.157        -0.002        -0.079        -0.056
       14       0.072         0.261        -0.125        -0.143        -0.018
       15      -0.473         0.355        -0.108        -0.079         0.033
       16      -0.194         0.323        -0.092        -0.263        -0.018
       17      -0.014         0.093        -0.224        -0.099        -0.082
       18       0.033        -0.177         0.149         0.232        -0.088
       19       0.091        -0.197        -0.057        -0.224         0.252
       20       0.213         0.196         0.420        -0.246        -0.095
       21       0.052         0.113        -0.118        -0.059         0.060
       22      -0.051         0.047         0.084         0.390         0.147
       23       0.064        -0.208        -0.035         0.173         0.232
       24       0.067        -0.170         0.008         0.138        -0.111
       25      -0.036         0.084         0.298         0.027        -0.301
       26      -0.085         0.050         0.013         0.004        -0.178
       27      -0.096         0.212        -0.028        -0.115         0.492
       28      -0.029        -0.262         0.127         0.132         0.709
       29      -0.113         0.375        -0.048        -0.128        -0.172


           ESTIMATED CORRELATION MATRIX FOR PARAMETER ESTIMATES
                     6             7             8             9            10
              ________      ________      ________      ________      ________
        6       1.000
        7       0.024         1.000
        8      -0.008        -0.094         1.000
        9       0.332         0.000        -0.052         1.000
       10      -0.529        -0.013        -0.195        -0.048         1.000
       11      -0.067        -0.053        -0.084        -0.046         0.028
       12       0.240         0.072         0.003         0.140        -0.135
       13      -0.049         0.128        -0.056         0.013         0.071
       14       0.040        -0.231        -0.028        -0.114        -0.052
       15       0.171        -0.170         0.076        -0.055        -0.014
       16      -0.035        -0.105        -0.025         0.037        -0.111
       17      -0.163        -0.137        -0.284         0.046         0.165
       18       0.061        -0.342         0.191         0.003        -0.077
       19      -0.281         0.164        -0.100         0.094         0.205
       20       0.142        -0.013         0.060         0.215        -0.324
       21       0.105         0.037         0.087         0.297         0.128
       22       0.293         0.085         0.179        -0.132        -0.160
       23      -0.019         0.033         0.047         0.023         0.209
       24       0.216        -0.033        -0.060         0.255         0.012
       25      -0.062         0.020         0.182        -0.036        -0.353
       26       0.012         0.013         0.042        -0.227        -0.202
       27       0.075        -0.068        -0.218         0.131         0.089
       28       0.206         0.063         0.034         0.149        -0.024
       29       0.115        -0.048        -0.085         0.015        -0.069


           ESTIMATED CORRELATION MATRIX FOR PARAMETER ESTIMATES
                    11            12            13            14            15
              ________      ________      ________      ________      ________
       11       1.000
       12      -0.103         1.000
       13       0.407         0.144         1.000
       14       0.202        -0.027         0.029         1.000
       15       0.050        -0.135        -0.285         0.309         1.000
       16      -0.093         0.118         0.037        -0.172         0.174
       17       0.301        -0.224         0.125         0.263         0.021
       18      -0.421         0.037        -0.374        -0.103        -0.037
       19       0.098        -0.174         0.253         0.046        -0.206
       20      -0.034         0.144         0.151         0.057        -0.297
       21       0.030         0.232         0.153         0.058        -0.183
       22       0.060        -0.001         0.123        -0.061         0.074
       23      -0.134        -0.113        -0.491         0.074         0.047
       24      -0.131         0.092        -0.040        -0.015        -0.042
       25       0.112         0.103         0.472        -0.051        -0.086
       26       0.085         0.207         0.397        -0.009         0.058
       27       0.717        -0.140         0.315         0.208         0.067
       28      -0.821         0.100        -0.317        -0.188        -0.018
       29       0.983        -0.058         0.396         0.208         0.081


           ESTIMATED CORRELATION MATRIX FOR PARAMETER ESTIMATES
                    16            17            18            19            20
              ________      ________      ________      ________      ________
       16       1.000
       17       0.150         1.000
       18       0.047        -0.038         1.000
       19      -0.077         0.061        -0.618         1.000
       20       0.005        -0.252         0.062         0.014         1.000
       21       0.026         0.069        -0.217         0.203         0.195
       22      -0.292        -0.196         0.125        -0.110        -0.006
       23      -0.426        -0.130         0.122        -0.027        -0.235
       24      -0.072        -0.015         0.229        -0.244         0.088
       25       0.036        -0.008        -0.003         0.013         0.219
       26       0.096        -0.041        -0.107        -0.020         0.087
       27      -0.053         0.406        -0.405         0.264        -0.148
       28       0.023        -0.420         0.231         0.065         0.015
       29      -0.099         0.270        -0.408         0.046        -0.008


           ESTIMATED CORRELATION MATRIX FOR PARAMETER ESTIMATES
                    21            22            23            24            25
              ________      ________      ________      ________      ________
       21       1.000
       22      -0.110         1.000
       23      -0.066         0.088         1.000
       24       0.164         0.034        -0.099         1.000
       25      -0.124         0.225        -0.644         0.005         1.000
       26      -0.003         0.032        -0.763        -0.016         0.567
       27       0.080         0.105         0.023        -0.184        -0.118
       28       0.001         0.078         0.238         0.026        -0.237
       29       0.049         0.113        -0.137        -0.091         0.100


           ESTIMATED CORRELATION MATRIX FOR PARAMETER ESTIMATES
                    26            27            28            29
              ________      ________      ________      ________
       26       1.000
       27      -0.063         1.000
       28      -0.146        -0.264         1.000
       29       0.087         0.728        -0.780         1.000


     Beginning Time:  11:37:01
        Ending Time:  11:37:01
       Elapsed Time:  00:00:00



MUTHEN & MUTHEN
3463 Stoner Ave.
Los Angeles, CA  90066

Tel: (310) 391-9971
Fax: (310) 391-8971
Web: www.StatModel.com
Support: Support@StatModel.com

Copyright (c) 1998-2023 Muthen & Muthen
