Mplus VERSION 8.8 (Mac)
MUTHEN & MUTHEN
10/31/2023   9:52 AM

INPUT INSTRUCTIONS

  TITLE: Multilevel moderated mediation_all Level 1 variables

  DATA:	FILE = 12.4 example.csv;

  VARIABLE:	
      NAMES = group x w m y xm wm mm cx cw cxw;
      USEVARIABLE = x m w y cxw;
      WITHIN =  cxw;
      BETWEEN = ;
      CLUSTER = group;

  DEFINE:
  	
  ANALYSIS:	
       TYPE = TWOLEVEL;

  MODEL:
  	%WITHIN%	
  	m ON  x (a1)
  		w
  		cxw (a3)
  		;
  	
  	y ON m (b)
  		x w cxw;
  	
  	w (v); !Obtain the variance of W
  	
  	%BETWEEN%
      	x m w y WITH x m w y;
       	
  model constraint:
  	NEW(Hs,Ls,index);
  	Hs=a1+a3*sqrt(v);
  	Ls=a1-a3*sqrt(v);
  	index=a3*b;!mod-med index; bootstrap its CI in R
  	
  OUTPUT:
  	tech1 tech3;



*** WARNING in MODEL command
  In the MODEL command, the following variable is a y-variable on the BETWEEN
  level and an x-variable on the WITHIN level.  This variable will be treated
  as a y-variable on both levels:  X
*** WARNING in MODEL command
  In the MODEL command, the following variable is a y-variable on the BETWEEN
  level and an x-variable on the WITHIN level.  This variable will be treated
  as a y-variable on both levels:  W
   2 WARNING(S) FOUND IN THE INPUT INSTRUCTIONS



Multilevel moderated mediation_all Level 1 variables

SUMMARY OF ANALYSIS

Number of groups                                                 1
Number of observations                                        3200

Number of dependent variables                                    4
Number of independent variables                                  1
Number of continuous latent variables                            0

Observed dependent variables

  Continuous
   X           M           W           Y

Observed independent variables
   CXW

Variables with special functions

  Cluster variable      GROUP

  Within variables
   CXW


Estimator                                                      MLR
Information matrix                                        OBSERVED
Maximum number of iterations                                   100
Convergence criterion                                    0.100D-05
Maximum number of EM iterations                                500
Convergence criteria for the EM algorithm
  Loglikelihood change                                   0.100D-02
  Relative loglikelihood change                          0.100D-05
  Derivative                                             0.100D-03
Minimum variance                                         0.100D-03
Maximum number of steepest descent iterations                   20
Maximum number of iterations for H1                           2000
Convergence criterion for H1                             0.100D-03
Optimization algorithm                                         EMA

Input data file(s)
  12.4 example.csv
Input data format  FREE


SUMMARY OF DATA

     Number of clusters                        100

     Average cluster size       32.000

     Estimated Intraclass Correlations for the Y Variables

                Intraclass              Intraclass              Intraclass
     Variable  Correlation   Variable  Correlation   Variable  Correlation

     X            0.001      M            0.184      W            0.001
     Y            0.133




UNIVARIATE SAMPLE STATISTICS


     UNIVARIATE HIGHER-ORDER MOMENT DESCRIPTIVE STATISTICS

         Variable/         Mean/     Skewness/   Minimum/ % with                Percentiles
        Sample Size      Variance    Kurtosis    Maximum  Min/Max      20%/60%    40%/80%    Median

     X                     2.990       0.024      -0.883    0.03%       2.157      2.732      2.979
            3200.000       1.007       0.071       6.695    0.03%       3.229      3.845
     M                     0.223      -0.287     -16.119    0.03%      -1.203     -0.245      0.229
            3200.000       3.642       2.909       7.753    0.03%       0.676      1.709
     W                     2.997      -0.008      -0.535    0.03%       2.175      2.722      2.990
            3200.000       0.976       0.009       6.534    0.03%       3.234      3.845
     Y                     0.255      -0.234     -17.443    0.03%      -1.405     -0.255      0.278
            3200.000       4.579       2.094       8.100    0.03%       0.769      1.906
     CXW                   0.015       0.271      -6.450    0.03%      -0.509     -0.086     -0.002
            3200.000       0.968       7.656      10.038    0.03%       0.091      0.512


THE MODEL ESTIMATION TERMINATED NORMALLY



MODEL FIT INFORMATION

Number of Free Parameters                       25

Loglikelihood

          H0 Value                      -19839.781
          H0 Scaling Correction Factor      2.2442
            for MLR
          H1 Value                      -19838.568

Information Criteria

          Akaike (AIC)                   39729.562
          Bayesian (BIC)                 39881.335
          Sample-Size Adjusted BIC       39801.899
            (n* = (n + 2) / 24)

Chi-Square Test of Model Fit

          Value                              2.426*
          Degrees of Freedom                     3
          P-Value                           0.4889
          Scaling Correction Factor      Undefined
            for MLR

*   The chi-square value for MLM, MLMV, MLR, ULSMV, WLSM and WLSMV cannot be used
    for chi-square difference testing in the regular way.  MLM, MLR and WLSM
    chi-square difference testing is described on the Mplus website.  MLMV, WLSMV,
    and ULSMV difference testing is done using the DIFFTEST option.

RMSEA (Root Mean Square Error Of Approximation)

          Estimate                           0.000

CFI/TLI

          CFI                                1.000
          TLI                                1.000

Chi-Square Test of Model Fit for the Baseline Model

          Value                           2452.360
          Degrees of Freedom                    16
          P-Value                           0.0000

SRMR (Standardized Root Mean Square Residual)

          Value for Within                   0.007
          Value for Between                  0.064



MODEL RESULTS

                                                    Two-Tailed
                    Estimate       S.E.  Est./S.E.    P-Value

Within Level

 M          ON
    X                  0.099      0.081      1.220      0.222
    W                  0.146      0.094      1.559      0.119
    CXW                0.343      0.095      3.603      0.000

 Y          ON
    M                  1.008      0.010    104.465      0.000
    X                  0.000      0.020     -0.017      0.986
    W                 -0.007      0.018     -0.389      0.697
    CXW               -0.002      0.017     -0.141      0.888

 Variances
    X                  1.006      0.025     39.638      0.000
    W                  0.975      0.023     43.121      0.000

 Residual Variances
    M                  2.837      0.207     13.723      0.000
    Y                  0.955      0.024     39.346      0.000

Between Level

 X        WITH
    M                 -0.016      0.019     -0.840      0.401
    W                  0.001      0.004      0.259      0.796
    Y                 -0.015      0.017     -0.854      0.393

 M        WITH
    W                 -0.011      0.016     -0.682      0.495
    Y                  0.639      0.108      5.901      0.000

 W        WITH
    Y                 -0.011      0.015     -0.687      0.492

 Means
    X                  2.990      0.018    170.793      0.000
    M                  0.218      0.087      2.494      0.013
    W                  2.997      0.017    179.553      0.000
    Y                  0.250      0.085      2.932      0.003

 Variances
    X                  0.002      0.006      0.359      0.719
    M                  0.671      0.114      5.885      0.000
    W                  0.001      0.007      0.187      0.852
    Y                  0.610      0.105      5.801      0.000

New/Additional Parameters
    HS                 0.438      0.113      3.878      0.000
    LS                -0.239      0.136     -1.757      0.079
    INDEX              0.345      0.095      3.624      0.000


QUALITY OF NUMERICAL RESULTS

     Condition Number for the Information Matrix              0.446E-05
       (ratio of smallest to largest eigenvalue)


TECHNICAL 1 OUTPUT


     PARAMETER SPECIFICATION FOR WITHIN


           NU
              X             M             W             Y             CXW
              ________      ________      ________      ________      ________
                    0             0             0             0             0


           LAMBDA
              X             M             W             Y             CXW
              ________      ________      ________      ________      ________
 X                  0             0             0             0             0
 M                  0             0             0             0             0
 W                  0             0             0             0             0
 Y                  0             0             0             0             0
 CXW                0             0             0             0             0


           THETA
              X             M             W             Y             CXW
              ________      ________      ________      ________      ________
 X                  0
 M                  0             0
 W                  0             0             0
 Y                  0             0             0             0
 CXW                0             0             0             0             0


           ALPHA
              X             M             W             Y             CXW
              ________      ________      ________      ________      ________
                    0             0             0             0             0


           BETA
              X             M             W             Y             CXW
              ________      ________      ________      ________      ________
 X                  0             0             0             0             0
 M                  1             0             2             0             3
 W                  0             0             0             0             0
 Y                  4             5             6             0             7
 CXW                0             0             0             0             0


           PSI
              X             M             W             Y             CXW
              ________      ________      ________      ________      ________
 X                  8
 M                  0             9
 W                  0             0            10
 Y                  0             0             0            11
 CXW                0             0             0             0             0


     PARAMETER SPECIFICATION FOR BETWEEN


           NU
              X             M             W             Y
              ________      ________      ________      ________
                    0             0             0             0


           LAMBDA
              X             M             W             Y
              ________      ________      ________      ________
 X                  0             0             0             0
 M                  0             0             0             0
 W                  0             0             0             0
 Y                  0             0             0             0


           THETA
              X             M             W             Y
              ________      ________      ________      ________
 X                  0
 M                  0             0
 W                  0             0             0
 Y                  0             0             0             0


           ALPHA
              X             M             W             Y
              ________      ________      ________      ________
                   12            13            14            15


           BETA
              X             M             W             Y
              ________      ________      ________      ________
 X                  0             0             0             0
 M                  0             0             0             0
 W                  0             0             0             0
 Y                  0             0             0             0


           PSI
              X             M             W             Y
              ________      ________      ________      ________
 X                 16
 M                 17            18
 W                 19            20            21
 Y                 22            23            24            25


     PARAMETER SPECIFICATION FOR THE ADDITIONAL PARAMETERS


           NEW/ADDITIONAL PARAMETERS
              HS            LS            INDEX
              ________      ________      ________
                   26            27            28


     STARTING VALUES FOR WITHIN


           NU
              X             M             W             Y             CXW
              ________      ________      ________      ________      ________
                0.000         0.000         0.000         0.000         0.000


           LAMBDA
              X             M             W             Y             CXW
              ________      ________      ________      ________      ________
 X              1.000         0.000         0.000         0.000         0.000
 M              0.000         1.000         0.000         0.000         0.000
 W              0.000         0.000         1.000         0.000         0.000
 Y              0.000         0.000         0.000         1.000         0.000
 CXW            0.000         0.000         0.000         0.000         1.000


           THETA
              X             M             W             Y             CXW
              ________      ________      ________      ________      ________
 X              0.000
 M              0.000         0.000
 W              0.000         0.000         0.000
 Y              0.000         0.000         0.000         0.000
 CXW            0.000         0.000         0.000         0.000         0.000


           ALPHA
              X             M             W             Y             CXW
              ________      ________      ________      ________      ________
                0.000         0.000         0.000         0.000         0.000


           BETA
              X             M             W             Y             CXW
              ________      ________      ________      ________      ________
 X              0.000         0.000         0.000         0.000         0.000
 M              0.000         0.000         0.000         0.000         0.000
 W              0.000         0.000         0.000         0.000         0.000
 Y              0.000         0.000         0.000         0.000         0.000
 CXW            0.000         0.000         0.000         0.000         0.000


           PSI
              X             M             W             Y             CXW
              ________      ________      ________      ________      ________
 X              0.504
 M              0.000         1.821
 W              0.000         0.000         0.488
 Y              0.000         0.000         0.000         2.289
 CXW            0.000         0.000         0.000         0.000         0.484


     STARTING VALUES FOR BETWEEN


           NU
              X             M             W             Y
              ________      ________      ________      ________
                0.000         0.000         0.000         0.000


           LAMBDA
              X             M             W             Y
              ________      ________      ________      ________
 X              1.000         0.000         0.000         0.000
 M              0.000         1.000         0.000         0.000
 W              0.000         0.000         1.000         0.000
 Y              0.000         0.000         0.000         1.000


           THETA
              X             M             W             Y
              ________      ________      ________      ________
 X              0.000
 M              0.000         0.000
 W              0.000         0.000         0.000
 Y              0.000         0.000         0.000         0.000


           ALPHA
              X             M             W             Y
              ________      ________      ________      ________
                2.990         0.223         2.997         0.255


           BETA
              X             M             W             Y
              ________      ________      ________      ________
 X              0.000         0.000         0.000         0.000
 M              0.000         0.000         0.000         0.000
 W              0.000         0.000         0.000         0.000
 Y              0.000         0.000         0.000         0.000


           PSI
              X             M             W             Y
              ________      ________      ________      ________
 X              0.504
 M              0.000         1.821
 W              0.000         0.000         0.488
 Y              0.000         0.000         0.000         2.289


     STARTING VALUES FOR THE ADDITIONAL PARAMETERS


           NEW/ADDITIONAL PARAMETERS
              HS            LS            INDEX
              ________      ________      ________
                0.500         0.500         0.500


TECHNICAL 3 OUTPUT


           ESTIMATED COVARIANCE MATRIX FOR PARAMETER ESTIMATES
                     1             2             3             4             5
              ________      ________      ________      ________      ________
        1   0.662132D-02
        2  -0.268224D-04  0.874282D-02
        3  -0.147388D-02 -0.337564D-03  0.904902D-02
        4   0.134365D-03 -0.171693D-03  0.147186D-03  0.387832D-03
        5  -0.449871D-04  0.114305D-03 -0.168236D-03 -0.503400D-04  0.930381D-04
        6   0.245199D-03 -0.221833D-03 -0.166169D-03  0.758534D-04 -0.596923D-04
        7  -0.372133D-04 -0.270827D-03 -0.482227D-04 -0.637850D-05 -0.484124D-04
        8  -0.333450D-03 -0.382046D-04 -0.136826D-03 -0.121327D-03  0.192573D-04
        9  -0.131116D-02  0.249529D-02  0.403586D-02  0.515287D-03  0.316282D-03
       10   0.638686D-04  0.196241D-03  0.490769D-03  0.728747D-04 -0.926183D-05
       11   0.417443D-03 -0.715782D-04 -0.306382D-03  0.485204D-04  0.193017D-04
       12  -0.896725D-04  0.409732D-03  0.323458D-03  0.374377D-04 -0.517061D-05
       13  -0.894111D-03 -0.111138D-02 -0.527326D-03 -0.120984D-03  0.725863D-05
       14   0.150431D-04  0.134520D-03 -0.154329D-03 -0.364286D-04  0.982994D-06
       15  -0.893612D-03 -0.100162D-02 -0.307531D-03 -0.860250D-04 -0.120514D-04
       16  -0.531577D-04  0.105790D-04  0.498393D-04 -0.783154D-05 -0.216903D-05
       17   0.203300D-03 -0.132043D-03 -0.513748D-04  0.298912D-04  0.237748D-05
       18   0.625766D-03  0.299411D-03  0.126343D-02 -0.265816D-03 -0.215815D-03
       19  -0.636738D-05 -0.282886D-04  0.305366D-06  0.444107D-05  0.104050D-05
       20  -0.532734D-04  0.555654D-05 -0.266127D-03 -0.341548D-04 -0.140826D-04
       21  -0.138546D-04 -0.545564D-04 -0.477560D-04 -0.274099D-05 -0.114806D-05
       22   0.175698D-03 -0.129233D-03 -0.119548D-04  0.215459D-04  0.409492D-05
       23   0.610883D-03  0.442082D-03  0.129840D-02 -0.243201D-03 -0.247284D-03
       24  -0.520482D-04 -0.306366D-04 -0.240824D-03 -0.343731D-04 -0.982858D-05
       25   0.560980D-03  0.587903D-03  0.131522D-02 -0.227335D-03 -0.264207D-03
       26   0.517705D-02 -0.326084D-03  0.754655D-02  0.292348D-03 -0.212715D-03
       27   0.806558D-02  0.272439D-03 -0.104943D-01 -0.236190D-04  0.122741D-03
       28  -0.150054D-02 -0.300961D-03  0.906038D-02  0.131055D-03 -0.137631D-03


           ESTIMATED COVARIANCE MATRIX FOR PARAMETER ESTIMATES
                     6             7             8             9            10
              ________      ________      ________      ________      ________
        6   0.325441D-03
        7   0.610244D-04  0.285335D-03
        8   0.502053D-05  0.608568D-04  0.643486D-03
        9   0.318025D-03  0.118093D-03  0.145083D-03  0.427470D-01
       10  -0.272267D-04 -0.364896D-04 -0.444788D-04  0.108693D-02  0.511261D-03
       11  -0.142191D-04 -0.304156D-04 -0.855728D-04  0.744755D-03 -0.508931D-04
       12  -0.352777D-04 -0.119359D-04 -0.458775D-05  0.381616D-04  0.400389D-05
       13  -0.293711D-03 -0.300016D-04  0.283817D-03 -0.668846D-03  0.405606D-04
       14  -0.301607D-04  0.585087D-05  0.219511D-04 -0.319504D-03  0.315562D-04
       15  -0.251445D-03 -0.529830D-04  0.297920D-03 -0.641654D-03  0.129407D-04
       16   0.176699D-04 -0.924166D-05 -0.319397D-06  0.774986D-04  0.281163D-04
       17   0.374542D-04  0.612430D-04 -0.295915D-04 -0.465366D-03 -0.104650D-03
       18  -0.700156D-04 -0.192335D-03 -0.612736D-03 -0.223014D-02  0.316765D-03
       19  -0.211862D-05 -0.594076D-05  0.405169D-05 -0.165592D-04 -0.787498D-05
       20   0.368789D-04  0.868448D-05  0.136011D-04 -0.361358D-03 -0.610348D-04
       21  -0.574037D-05  0.179372D-04  0.259371D-05 -0.165913D-03 -0.594641D-05
       22   0.243538D-04  0.471550D-04 -0.215349D-04 -0.363525D-03 -0.929973D-04
       23  -0.611004D-04 -0.123815D-03 -0.575710D-03 -0.210629D-02  0.297813D-03
       24   0.148304D-04  0.640343D-05  0.150874D-04 -0.456372D-03 -0.633871D-04
       25  -0.606567D-04 -0.770149D-04 -0.542339D-03 -0.214161D-02  0.268025D-03
       26   0.763932D-04 -0.911627D-04 -0.476275D-03  0.286260D-02  0.637200D-03
       27   0.414004D-03  0.167361D-04 -0.190624D-03 -0.548492D-02 -0.509463D-03
       28  -0.187896D-03 -0.651837D-04 -0.131269D-03  0.417504D-02  0.491338D-03


           ESTIMATED COVARIANCE MATRIX FOR PARAMETER ESTIMATES
                    11            12            13            14            15
              ________      ________      ________      ________      ________
       11   0.589534D-03
       12  -0.460203D-05  0.306564D-03
       13  -0.210283D-03 -0.126845D-03  0.761845D-02
       14   0.316269D-04  0.384005D-04 -0.688391D-04  0.278688D-03
       15  -0.153227D-03 -0.987280D-04  0.729520D-02 -0.885370D-04  0.724779D-02
       16  -0.139782D-05 -0.148708D-05 -0.717370D-04  0.527639D-05 -0.670125D-04
       17   0.374853D-04 -0.437793D-04 -0.221462D-03  0.108508D-04 -0.183029D-03
       18   0.195217D-03 -0.191774D-03  0.583834D-03  0.522192D-04  0.752208D-03
       19   0.225759D-04  0.100457D-04  0.269407D-04  0.185626D-04  0.325226D-04
       20  -0.227158D-04  0.212866D-05  0.140869D-03 -0.487870D-04  0.119499D-03
       21   0.214000D-05  0.173785D-04 -0.605947D-04  0.103505D-04 -0.807561D-04
       22   0.307550D-04 -0.376020D-04 -0.165169D-03  0.193183D-04 -0.121179D-03
       23   0.124191D-03 -0.151765D-03  0.799856D-03  0.359214D-04  0.930538D-03
       24  -0.276192D-04  0.709712D-05  0.118150D-03 -0.698066D-04  0.926018D-04
       25   0.307942D-04 -0.103166D-03  0.968973D-03  0.111298D-04  0.108322D-02
       26   0.106080D-03  0.230414D-03 -0.140777D-02 -0.131869D-03 -0.119503D-02
       27   0.728806D-03 -0.409759D-03 -0.380454D-03  0.161955D-03 -0.592193D-03
       28  -0.302103D-03  0.324153D-03 -0.528861D-03 -0.155169D-03 -0.314007D-03


           ESTIMATED COVARIANCE MATRIX FOR PARAMETER ESTIMATES
                    16            17            18            19            20
              ________      ________      ________      ________      ________
       16   0.322290D-04
       17  -0.276680D-04  0.348653D-03
       18   0.108348D-03 -0.222975D-03  0.130016D-01
       19  -0.278411D-05 -0.662224D-05 -0.244120D-04  0.163754D-04
       20  -0.500966D-05 -0.414244D-04 -0.558469D-03 -0.881711D-05  0.255326D-03
       21   0.195670D-05 -0.103021D-05 -0.243251D-04 -0.367289D-05  0.563158D-05
       22  -0.248405D-04  0.314542D-03 -0.175733D-03 -0.332022D-05 -0.434990D-04
       23   0.840351D-04 -0.197226D-03  0.122172D-01 -0.282665D-04 -0.516824D-03
       24  -0.340636D-05 -0.450222D-04 -0.531322D-03 -0.117537D-04  0.238864D-03
       25   0.622820D-04 -0.175382D-03  0.114403D-01 -0.326034D-04 -0.478209D-03
       26   0.934708D-06  0.134408D-03  0.192829D-02 -0.743260D-05 -0.326648D-03
       27  -0.107250D-03  0.272191D-03 -0.676760D-03 -0.530217D-05  0.220101D-03
       28   0.494760D-04 -0.509518D-04  0.119910D-02  0.664324D-06 -0.272984D-03


           ESTIMATED COVARIANCE MATRIX FOR PARAMETER ESTIMATES
                    21            22            23            24            25
              ________      ________      ________      ________      ________
       21   0.560453D-04
       22  -0.391817D-05  0.296946D-03
       23  -0.290796D-04 -0.159751D-03  0.117325D-01
       24   0.898078D-05 -0.476202D-04 -0.494839D-03  0.237129D-03
       25  -0.338864D-04 -0.146513D-03  0.112396D-01 -0.454298D-03  0.110440D-01
       26  -0.620423D-04  0.147754D-03  0.194465D-02 -0.300846D-03  0.190618D-02
       27   0.343331D-04  0.203643D-03 -0.722881D-03  0.196749D-03 -0.784223D-03
       28  -0.485138D-04 -0.106425D-04  0.122355D-02 -0.246030D-03  0.123470D-02


           ESTIMATED COVARIANCE MATRIX FOR PARAMETER ESTIMATES
                    26            27            28
              ________      ________      ________
       26   0.127393D-01
       27  -0.238522D-02  0.185164D-01
       28   0.753121D-02 -0.105323D-01  0.908232D-02


           ESTIMATED CORRELATION MATRIX FOR PARAMETER ESTIMATES
                     1             2             3             4             5
              ________      ________      ________      ________      ________
        1       1.000
        2      -0.004         1.000
        3      -0.190        -0.038         1.000
        4       0.084        -0.093         0.079         1.000
        5      -0.057         0.127        -0.183        -0.265         1.000
        6       0.167        -0.132        -0.097         0.214        -0.343
        7      -0.027        -0.171        -0.030        -0.019        -0.297
        8      -0.162        -0.016        -0.057        -0.243         0.079
        9      -0.078         0.129         0.205         0.127         0.159
       10       0.035         0.093         0.228         0.164        -0.042
       11       0.211        -0.032        -0.133         0.101         0.082
       12      -0.063         0.250         0.194         0.109        -0.031
       13      -0.126        -0.136        -0.064        -0.070         0.009
       14       0.011         0.086        -0.097        -0.111         0.006
       15      -0.129        -0.126        -0.038        -0.051        -0.015
       16      -0.115         0.020         0.092        -0.070        -0.040
       17       0.134        -0.076        -0.029         0.081         0.013
       18       0.067         0.028         0.116        -0.118        -0.196
       19      -0.019        -0.075         0.001         0.056         0.027
       20      -0.041         0.004        -0.175        -0.109        -0.091
       21      -0.023        -0.078        -0.067        -0.019        -0.016
       22       0.125        -0.080        -0.007         0.063         0.025
       23       0.069         0.044         0.126        -0.114        -0.237
       24      -0.042        -0.021        -0.164        -0.113        -0.066
       25       0.066         0.060         0.132        -0.110        -0.261
       26       0.564        -0.031         0.703         0.132        -0.195
       27       0.728         0.021        -0.811        -0.009         0.094
       28      -0.193        -0.034         0.999         0.070        -0.150


           ESTIMATED CORRELATION MATRIX FOR PARAMETER ESTIMATES
                     6             7             8             9            10
              ________      ________      ________      ________      ________
        6       1.000
        7       0.200         1.000
        8       0.011         0.142         1.000
        9       0.085         0.034         0.028         1.000
       10      -0.067        -0.096        -0.078         0.233         1.000
       11      -0.032        -0.074        -0.139         0.148        -0.093
       12      -0.112        -0.040        -0.010         0.011         0.010
       13      -0.187        -0.020         0.128        -0.037         0.021
       14      -0.100         0.021         0.052        -0.093         0.084
       15      -0.164        -0.037         0.138        -0.036         0.007
       16       0.173        -0.096        -0.002         0.066         0.219
       17       0.111         0.194        -0.062        -0.121        -0.248
       18      -0.034        -0.100        -0.212        -0.095         0.123
       19      -0.029        -0.087         0.039        -0.020        -0.086
       20       0.128         0.032         0.034        -0.109        -0.169
       21      -0.043         0.142         0.014        -0.107        -0.035
       22       0.078         0.162        -0.049        -0.102        -0.239
       23      -0.031        -0.068        -0.210        -0.094         0.122
       24       0.053         0.025         0.039        -0.143        -0.182
       25      -0.032        -0.043        -0.203        -0.099         0.113
       26       0.038        -0.048        -0.166         0.123         0.250
       27       0.169         0.007        -0.055        -0.195        -0.166
       28      -0.109        -0.040        -0.054         0.212         0.228


           ESTIMATED CORRELATION MATRIX FOR PARAMETER ESTIMATES
                    11            12            13            14            15
              ________      ________      ________      ________      ________
       11       1.000
       12      -0.011         1.000
       13      -0.099        -0.083         1.000
       14       0.078         0.131        -0.047         1.000
       15      -0.074        -0.066         0.982        -0.062         1.000
       16      -0.010        -0.015        -0.145         0.056        -0.139
       17       0.083        -0.134        -0.136         0.035        -0.115
       18       0.071        -0.096         0.059         0.027         0.077
       19       0.230         0.142         0.076         0.275         0.094
       20      -0.059         0.008         0.101        -0.183         0.088
       21       0.012         0.133        -0.093         0.083        -0.127
       22       0.074        -0.125        -0.110         0.067        -0.083
       23       0.047        -0.080         0.085         0.020         0.101
       24      -0.074         0.026         0.088        -0.272         0.071
       25       0.012        -0.056         0.106         0.006         0.121
       26       0.039         0.117        -0.143        -0.070        -0.124
       27       0.221        -0.172        -0.032         0.071        -0.051
       28      -0.131         0.194        -0.064        -0.098        -0.039


           ESTIMATED CORRELATION MATRIX FOR PARAMETER ESTIMATES
                    16            17            18            19            20
              ________      ________      ________      ________      ________
       16       1.000
       17      -0.261         1.000
       18       0.167        -0.105         1.000
       19      -0.121        -0.088        -0.053         1.000
       20      -0.055        -0.139        -0.307        -0.136         1.000
       21       0.046        -0.007        -0.028        -0.121         0.047
       22      -0.254         0.978        -0.089        -0.048        -0.158
       23       0.137        -0.098         0.989        -0.064        -0.299
       24      -0.039        -0.157        -0.303        -0.189         0.971
       25       0.104        -0.089         0.955        -0.077        -0.285
       26       0.001         0.064         0.150        -0.016        -0.181
       27      -0.139         0.107        -0.044        -0.010         0.101
       28       0.091        -0.029         0.110         0.002        -0.179


           ESTIMATED CORRELATION MATRIX FOR PARAMETER ESTIMATES
                    21            22            23            24            25
              ________      ________      ________      ________      ________
       21       1.000
       22      -0.030         1.000
       23      -0.036        -0.086         1.000
       24       0.078        -0.179        -0.297         1.000
       25      -0.043        -0.081         0.987        -0.281         1.000
       26      -0.073         0.076         0.159        -0.173         0.161
       27       0.034         0.087        -0.049         0.094        -0.055
       28      -0.068        -0.006         0.119        -0.168         0.123


           ESTIMATED CORRELATION MATRIX FOR PARAMETER ESTIMATES
                    26            27            28
              ________      ________      ________
       26       1.000
       27      -0.155         1.000
       28       0.700        -0.812         1.000


     Beginning Time:  09:52:39
        Ending Time:  09:52:40
       Elapsed Time:  00:00:01



MUTHEN & MUTHEN
3463 Stoner Ave.
Los Angeles, CA  90066

Tel: (310) 391-9971
Fax: (310) 391-8971
Web: www.StatModel.com
Support: Support@StatModel.com

Copyright (c) 1998-2022 Muthen & Muthen
