Mplus VERSION 8.10 (Mac)
MUTHEN & MUTHEN
10/23/2023   3:15 PM

INPUT INSTRUCTIONS

  TITLE:	1-1-1 mediation with latent centering and both paths as random

  DATA:	FILE = 11.1 example.csv;

  VARIABLE:	
      NAMES = group x w m y xm wm mm cx cw cxw;
      USEVARIABLE = x m y;
      WITHIN = ;
      BETWEEN = ;
      CLUSTER = group;

  ANALYSIS:	
       TYPE = TWOLEVEL RANDOM;

  MODEL:
  	%WITHIN%	
  	s1|m ON x;
  	s2|y ON m;
  	s3|y ON x;
  	
  	
  	%BETWEEN%
  	x WITH m y;
  	m WITH y;
  	s1 with m; !Covariance between intercept and slope
  	s2 s3 with y; !Covariance between intercept and slope
  	s1 with s2; !Covariance between the random slopes of a path and b path
  	

  OUTPUT:
    	tech1 tech3;!Both are needed for CI bootstrap
      	
      	
      	



*** WARNING in MODEL command
  In the MODEL command, the following variable is a y-variable on the BETWEEN
  level and an x-variable on the WITHIN level.  This variable will be treated
  as a y-variable on both levels:  X
*** WARNING in MODEL command
  In the MODEL command, the predictor variable on the WITHIN level refers to the whole observed
  variable.  To use the latent within-level part, use ESTIMATOR=BAYES in the ANALYSIS command.
  This applies to the following statement(s):
    S1 | M ON X
    S2 | Y ON M
    S3 | Y ON X
   2 WARNING(S) FOUND IN THE INPUT INSTRUCTIONS



1-1-1 mediation with latent centering and both paths as random

SUMMARY OF ANALYSIS

Number of groups                                                 1
Number of observations                                        3200

Number of dependent variables                                    3
Number of independent variables                                  0
Number of continuous latent variables                            3

Observed dependent variables

  Continuous
   X           M           Y

Continuous latent variables
   S1          S2          S3

Variables with special functions

  Cluster variable      GROUP

Estimator                                                      MLR
Information matrix                                        OBSERVED
Maximum number of iterations                                   100
Convergence criterion                                    0.100D-05
Maximum number of EM iterations                                500
Convergence criteria for the EM algorithm
  Loglikelihood change                                   0.100D-02
  Relative loglikelihood change                          0.100D-05
  Derivative                                             0.100D-03
Minimum variance                                         0.100D-03
Maximum number of steepest descent iterations                   20
Maximum number of iterations for H1                           2000
Convergence criterion for H1                             0.100D-03
Optimization algorithm                                         EMA

Input data file(s)
  11.1 example.csv
Input data format  FREE


SUMMARY OF DATA

     Number of clusters                        100

     Average cluster size       32.000

     Estimated Intraclass Correlations for the Y Variables

                Intraclass              Intraclass              Intraclass
     Variable  Correlation   Variable  Correlation   Variable  Correlation

     X            0.001      M            0.180      Y            0.130




UNIVARIATE SAMPLE STATISTICS


     UNIVARIATE HIGHER-ORDER MOMENT DESCRIPTIVE STATISTICS

         Variable/         Mean/     Skewness/   Minimum/ % with                Percentiles
        Sample Size      Variance    Kurtosis    Maximum  Min/Max      20%/60%    40%/80%    Median

     X                     2.990       0.024      -0.883    0.03%       2.157      2.732      2.979
            3200.000       1.007       0.071       6.695    0.03%       3.229      3.845
     M                     0.223      -0.287     -16.119    0.03%      -1.203     -0.245      0.229
            3200.000       3.642       2.909       7.753    0.03%       0.676      1.709
     Y                     0.255      -0.234     -17.443    0.03%      -1.405     -0.255      0.278
            3200.000       4.579       2.094       8.100    0.03%       0.769      1.906


THE MODEL ESTIMATION TERMINATED NORMALLY



MODEL FIT INFORMATION

Number of Free Parameters                       22

Loglikelihood

          H0 Value                      -15170.182
          H0 Scaling Correction Factor      1.1832
            for MLR

Information Criteria

          Akaike (AIC)                   30384.363
          Bayesian (BIC)                 30517.923
          Sample-Size Adjusted BIC       30448.020
            (n* = (n + 2) / 24)



MODEL RESULTS

                                                    Two-Tailed
                    Estimate       S.E.  Est./S.E.    P-Value

Within Level

 Variances
    X                  1.006      0.025     39.696      0.000

 Residual Variances
    M                  2.387      0.196     12.203      0.000
    Y                  0.946      0.025     37.823      0.000

Between Level

 S1       WITH
    M                 -1.900      0.345     -5.498      0.000
    S2                 0.000      0.001      0.267      0.789

 S2       WITH
    Y                  0.000      0.001     -0.164      0.870

 S3       WITH
    Y                 -0.024      0.016     -1.489      0.136

 X        WITH
    M                 -0.016      0.017     -0.959      0.338
    Y                  0.001      0.002      0.577      0.564

 M        WITH
    Y                 -0.033      0.015     -2.266      0.023

 Means
    X                  2.990      0.018    170.794      0.000
    M                 -0.134      0.271     -0.493      0.622
    Y                  0.023      0.060      0.389      0.698
    S1                 0.124      0.082      1.504      0.133
    S2                 1.006      0.009    113.275      0.000
    S3                 0.002      0.020      0.093      0.926

 Variances
    X                  0.002      0.005      0.297      0.767
    M                  6.632      1.132      5.858      0.000
    Y                  0.070      0.045      1.560      0.119
    S1                 0.599      0.108      5.543      0.000
    S2                 0.000      0.000      0.591      0.555
    S3                 0.009      0.006      1.489      0.137


QUALITY OF NUMERICAL RESULTS

     Condition Number for the Information Matrix              0.110E-07
       (ratio of smallest to largest eigenvalue)


TECHNICAL 1 OUTPUT


     PARAMETER SPECIFICATION FOR WITHIN


           NU
              X             M             Y
              ________      ________      ________
                    0             0             0


           LAMBDA
              X             M             Y
              ________      ________      ________
 X                  0             0             0
 M                  0             0             0
 Y                  0             0             0


           THETA
              X             M             Y
              ________      ________      ________
 X                  0
 M                  0             0
 Y                  0             0             0


           ALPHA
              X             M             Y
              ________      ________      ________
                    0             0             0


           BETA
              X             M             Y
              ________      ________      ________
 X                  0             0             0
 M                  0             0             0
 Y                  0             0             0


           PSI
              X             M             Y
              ________      ________      ________
 X                  1
 M                  0             2
 Y                  0             0             3


     PARAMETER SPECIFICATION FOR BETWEEN


           NU
              X             M             Y
              ________      ________      ________
                    0             0             0


           LAMBDA
              S1            S2            S3            X             M
              ________      ________      ________      ________      ________
 X                  0             0             0             0             0
 M                  0             0             0             0             0
 Y                  0             0             0             0             0


           LAMBDA
              Y
              ________
 X                  0
 M                  0
 Y                  0


           THETA
              X             M             Y
              ________      ________      ________
 X                  0
 M                  0             0
 Y                  0             0             0


           ALPHA
              S1            S2            S3            X             M
              ________      ________      ________      ________      ________
                    4             5             6             7             8


           ALPHA
              Y
              ________
                    9


           BETA
              S1            S2            S3            X             M
              ________      ________      ________      ________      ________
 S1                 0             0             0             0             0
 S2                 0             0             0             0             0
 S3                 0             0             0             0             0
 X                  0             0             0             0             0
 M                  0             0             0             0             0
 Y                  0             0             0             0             0


           BETA
              Y
              ________
 S1                 0
 S2                 0
 S3                 0
 X                  0
 M                  0
 Y                  0


           PSI
              S1            S2            S3            X             M
              ________      ________      ________      ________      ________
 S1                10
 S2                11            12
 S3                 0             0            13
 X                  0             0             0            14
 M                 15             0             0            16            17
 Y                  0            18            19            20            21


           PSI
              Y
              ________
 Y                 22


     STARTING VALUES FOR WITHIN


           NU
              X             M             Y
              ________      ________      ________
                0.000         0.000         0.000


           LAMBDA
              X             M             Y
              ________      ________      ________
 X              1.000         0.000         0.000
 M              0.000         1.000         0.000
 Y              0.000         0.000         1.000


           THETA
              X             M             Y
              ________      ________      ________
 X              0.000
 M              0.000         0.000
 Y              0.000         0.000         0.000


           ALPHA
              X             M             Y
              ________      ________      ________
                0.000         0.000         0.000


           BETA
              X             M             Y
              ________      ________      ________
 X              0.000         0.000         0.000
 M              0.000         0.000         0.000
 Y              0.000         0.000         0.000


           PSI
              X             M             Y
              ________      ________      ________
 X              0.504
 M              0.000         1.821
 Y              0.000         0.000         2.289


     STARTING VALUES FOR BETWEEN


           NU
              X             M             Y
              ________      ________      ________
                0.000         0.000         0.000


           LAMBDA
              S1            S2            S3            X             M
              ________      ________      ________      ________      ________
 X              0.000         0.000         0.000         1.000         0.000
 M              0.000         0.000         0.000         0.000         1.000
 Y              0.000         0.000         0.000         0.000         0.000


           LAMBDA
              Y
              ________
 X              0.000
 M              0.000
 Y              1.000


           THETA
              X             M             Y
              ________      ________      ________
 X              0.000
 M              0.000         0.000
 Y              0.000         0.000         0.000


           ALPHA
              S1            S2            S3            X             M
              ________      ________      ________      ________      ________
                0.000         0.000         0.000         2.990         0.223


           ALPHA
              Y
              ________
                0.255


           BETA
              S1            S2            S3            X             M
              ________      ________      ________      ________      ________
 S1             0.000         0.000         0.000         0.000         0.000
 S2             0.000         0.000         0.000         0.000         0.000
 S3             0.000         0.000         0.000         0.000         0.000
 X              0.000         0.000         0.000         0.000         0.000
 M              0.000         0.000         0.000         0.000         0.000
 Y              0.000         0.000         0.000         0.000         0.000


           BETA
              Y
              ________
 S1             0.000
 S2             0.000
 S3             0.000
 X              0.000
 M              0.000
 Y              0.000


           PSI
              S1            S2            S3            X             M
              ________      ________      ________      ________      ________
 S1             1.000
 S2             0.000         1.000
 S3             0.000         0.000         1.000
 X              0.000         0.000         0.000         0.504
 M              0.000         0.000         0.000         0.000         1.821
 Y              0.000         0.000         0.000         0.000         0.000


           PSI
              Y
              ________
 Y              2.289


TECHNICAL 3 OUTPUT


           ESTIMATED COVARIANCE MATRIX FOR PARAMETER ESTIMATES
                     1             2             3             4             5
              ________      ________      ________      ________      ________
        1   0.642258D-03
        2  -0.843493D-04  0.382535D-01
        3  -0.756173D-04  0.352990D-03  0.625694D-03
        4  -0.210753D-03 -0.129182D-02  0.415413D-03  0.675286D-02
        5   0.173401D-04  0.931332D-04  0.142048D-04 -0.176798D-04  0.788216D-04
        6  -0.123194D-03  0.439471D-03  0.981475D-05  0.602257D-04 -0.521593D-04
        7  -0.635797D-05  0.469838D-03 -0.279952D-05 -0.143424D-03  0.173463D-05
        8   0.849177D-03  0.331628D-02 -0.147354D-02 -0.211878D-01  0.111309D-06
        9   0.380796D-03 -0.106216D-02  0.306546D-04 -0.222104D-03  0.108720D-03
       10  -0.131247D-03  0.297856D-02  0.246957D-03 -0.152296D-02  0.154793D-03
       11  -0.161250D-05 -0.142987D-04  0.416958D-05  0.790362D-05  0.304318D-05
       12   0.870853D-08 -0.254978D-05 -0.825763D-06 -0.124345D-05  0.440630D-06
       13  -0.146238D-04 -0.323983D-04 -0.293119D-04  0.179495D-04 -0.129257D-04
       14   0.315082D-05  0.101152D-03  0.307174D-05 -0.476406D-04 -0.348962D-06
       15   0.658610D-03 -0.909808D-02 -0.912959D-03  0.433531D-02 -0.515240D-03
       16   0.222203D-05 -0.776805D-03  0.236165D-04  0.167920D-03  0.117366D-04
       17  -0.333752D-02  0.268552D-01  0.339918D-02 -0.118893D-01  0.146807D-02
       18   0.148221D-06  0.162351D-04  0.416828D-05  0.609134D-05 -0.289713D-05
       19   0.411167D-04  0.912147D-04  0.802056D-04 -0.520168D-04  0.356811D-04
       20   0.108918D-05  0.632578D-04  0.250248D-07 -0.219823D-04 -0.372409D-06
       21   0.428082D-04  0.556539D-04 -0.758792D-04 -0.942549D-04 -0.486313D-04
       22  -0.117419D-03 -0.331582D-03 -0.239938D-03  0.112099D-03 -0.797647D-04


           ESTIMATED COVARIANCE MATRIX FOR PARAMETER ESTIMATES
                     6             7             8             9            10
              ________      ________      ________      ________      ________
        6   0.408154D-03
        7   0.383022D-04  0.306564D-03
        8  -0.207045D-03  0.289609D-03  0.733307D-01
        9  -0.116900D-02 -0.825533D-04  0.480882D-03  0.363959D-02
       10   0.117791D-03 -0.546429D-04  0.438699D-02 -0.405045D-03  0.116695D-01
       11  -0.182571D-05 -0.111023D-05 -0.434012D-04  0.365992D-05  0.752045D-05
       12  -0.232289D-06  0.208999D-06  0.519553D-05  0.620206D-06 -0.299170D-05
       13   0.273936D-04 -0.991128D-06 -0.759526D-04 -0.811992D-04 -0.310889D-04
       14  -0.102924D-04  0.298897D-05  0.115729D-03  0.383843D-04  0.547788D-04
       15  -0.343260D-03  0.287870D-03 -0.119854D-01  0.117124D-02 -0.367710D-01
       16   0.178980D-04 -0.383396D-04 -0.663995D-03 -0.375496D-04  0.166576D-03
       17   0.797391D-03 -0.139553D-02  0.320194D-01 -0.261334D-02  0.114694D+00
       18   0.156218D-05 -0.104515D-05 -0.241587D-04 -0.403781D-05  0.160724D-04
       19  -0.758747D-04  0.260100D-05  0.217341D-03  0.224994D-03  0.873856D-04
       20  -0.415800D-05  0.233366D-05  0.646664D-04  0.142808D-04  0.104857D-04
       21   0.555735D-04  0.197375D-04  0.535973D-03 -0.136885D-03 -0.411628D-04
       22   0.197231D-03 -0.126211D-05 -0.482615D-03 -0.588813D-03 -0.331874D-03


           ESTIMATED COVARIANCE MATRIX FOR PARAMETER ESTIMATES
                    11            12            13            14            15
              ________      ________      ________      ________      ________
       11   0.527536D-06
       12  -0.579414D-08  0.229017D-07
       13  -0.656382D-06 -0.852458D-07  0.353538D-04
       14   0.381428D-06  0.951687D-08 -0.438557D-05  0.265871D-04
       15  -0.360907D-04  0.914481D-05  0.130815D-03 -0.148084D-03  0.119364D+00
       16   0.272378D-05 -0.251794D-06  0.126483D-04 -0.312673D-04 -0.404808D-03
       17   0.147262D-03 -0.294817D-04 -0.472034D-03  0.461097D-03 -0.383860D+00
       18  -0.332374D-07 -0.129805D-06  0.570708D-06 -0.100793D-06 -0.474221D-04
       19   0.179685D-05  0.230054D-06 -0.972581D-04  0.121660D-04 -0.368729D-03
       20   0.208858D-07  0.149933D-07 -0.189583D-05  0.956065D-05 -0.302757D-04
       21  -0.901302D-05  0.439961D-07  0.155785D-04 -0.200892D-04  0.410921D-03
       22  -0.433187D-05  0.124679D-06  0.263010D-03 -0.293594D-04  0.128182D-02


           ESTIMATED COVARIANCE MATRIX FOR PARAMETER ESTIMATES
                    16            17            18            19            20
              ________      ________      ________      ________      ________
       16   0.291973D-03
       17   0.527473D-03  0.128186D+01
       18   0.109490D-05  0.148820D-03  0.744035D-06
       19  -0.348383D-04  0.133725D-02 -0.154354D-05  0.267640D-03
       20  -0.215509D-04  0.123766D-03 -0.878334D-07  0.524807D-05  0.385909D-05
       21   0.564469D-04 -0.260990D-02  0.885507D-06 -0.427370D-04 -0.887194D-05
       22   0.807372D-04 -0.448574D-02 -0.148586D-06 -0.724148D-03 -0.124524D-04


           ESTIMATED COVARIANCE MATRIX FOR PARAMETER ESTIMATES
                    21            22
              ________      ________
       21   0.210973D-03
       22   0.100243D-03  0.198632D-02


           ESTIMATED CORRELATION MATRIX FOR PARAMETER ESTIMATES
                     1             2             3             4             5
              ________      ________      ________      ________      ________
        1       1.000
        2      -0.017         1.000
        3      -0.119         0.072         1.000
        4      -0.101        -0.080         0.202         1.000
        5       0.077         0.054         0.064        -0.024         1.000
        6      -0.241         0.111         0.019         0.036        -0.291
        7      -0.014         0.137        -0.006        -0.100         0.011
        8       0.124         0.063        -0.218        -0.952         0.000
        9       0.249        -0.090         0.020        -0.045         0.203
       10      -0.048         0.141         0.091        -0.172         0.161
       11      -0.088        -0.101         0.230         0.132         0.472
       12       0.002        -0.086        -0.218        -0.100         0.328
       13      -0.097        -0.028        -0.197         0.037        -0.245
       14       0.024         0.100         0.024        -0.112        -0.008
       15       0.075        -0.135        -0.106         0.153        -0.168
       16       0.005        -0.232         0.055         0.120         0.077
       17      -0.116         0.121         0.120        -0.128         0.146
       18       0.007         0.096         0.193         0.086        -0.378
       19       0.099         0.029         0.196        -0.039         0.246
       20       0.022         0.165         0.001        -0.136        -0.021
       21       0.116         0.020        -0.209        -0.079        -0.377
       22      -0.104        -0.038        -0.215         0.031        -0.202


           ESTIMATED CORRELATION MATRIX FOR PARAMETER ESTIMATES
                     6             7             8             9            10
              ________      ________      ________      ________      ________
        6       1.000
        7       0.108         1.000
        8      -0.038         0.061         1.000
        9      -0.959        -0.078         0.029         1.000
       10       0.054        -0.029         0.150        -0.062         1.000
       11      -0.124        -0.087        -0.221         0.084         0.096
       12      -0.076         0.079         0.127         0.068        -0.183
       13       0.228        -0.010        -0.047        -0.226        -0.048
       14      -0.099         0.033         0.083         0.123         0.098
       15      -0.049         0.048        -0.128         0.056        -0.985
       16       0.052        -0.128        -0.143        -0.036         0.090
       17       0.035        -0.070         0.104        -0.038         0.938
       18       0.090        -0.069        -0.103        -0.078         0.172
       19      -0.230         0.009         0.049         0.228         0.049
       20      -0.105         0.068         0.122         0.120         0.049
       21       0.189         0.078         0.136        -0.156        -0.026
       22       0.219        -0.002        -0.040        -0.219        -0.069


           ESTIMATED CORRELATION MATRIX FOR PARAMETER ESTIMATES
                    11            12            13            14            15
              ________      ________      ________      ________      ________
       11       1.000
       12      -0.053         1.000
       13      -0.152        -0.095         1.000
       14       0.102         0.012        -0.143         1.000
       15      -0.144         0.175         0.064        -0.083         1.000
       16       0.219        -0.097         0.124        -0.355        -0.069
       17       0.179        -0.172        -0.070         0.079        -0.981
       18      -0.053        -0.994         0.111        -0.023        -0.159
       19       0.151         0.093        -1.000         0.144        -0.065
       20       0.015         0.050        -0.162         0.944        -0.045
       21      -0.854         0.020         0.180        -0.268         0.082
       22      -0.134         0.018         0.992        -0.128         0.083


           ESTIMATED CORRELATION MATRIX FOR PARAMETER ESTIMATES
                    16            17            18            19            20
              ________      ________      ________      ________      ________
       16       1.000
       17       0.027         1.000
       18       0.074         0.152         1.000
       19      -0.125         0.072        -0.109         1.000
       20      -0.642         0.056        -0.052         0.163         1.000
       21       0.227        -0.159         0.071        -0.180        -0.311
       22       0.106        -0.089        -0.004        -0.993        -0.142


           ESTIMATED CORRELATION MATRIX FOR PARAMETER ESTIMATES
                    21            22
              ________      ________
       21       1.000
       22       0.155         1.000


     Beginning Time:  15:15:53
        Ending Time:  15:15:54
       Elapsed Time:  00:00:01



MUTHEN & MUTHEN
3463 Stoner Ave.
Los Angeles, CA  90066

Tel: (310) 391-9971
Fax: (310) 391-8971
Web: www.StatModel.com
Support: Support@StatModel.com

Copyright (c) 1998-2023 Muthen & Muthen
